Component: Arm Compiler for Embedded 6.19 Tool: armlink [5e73cb00]

==============================================================================

Section Cross References

    main.o(.ARM.exidx.text.LCD_RTC_Clock_Enable) refers to main.o(.text.LCD_RTC_Clock_Enable) for [Anonymous Symbol]
    main.o(.text.RTC_Init) refers to main.o(.text.LCD_RTC_Clock_Enable) for LCD_RTC_Clock_Enable
    main.o(.ARM.exidx.text.RTC_Init) refers to main.o(.text.RTC_Init) for [Anonymous Symbol]
    main.o(.text.backgroundDraw) refers to ssd1306.o(.text.ssd1306_Fill) for ssd1306_Fill
    main.o(.text.backgroundDraw) refers to ssd1306.o(.text.ssd1306_DrawCircle) for ssd1306_DrawCircle
    main.o(.text.backgroundDraw) refers to ssd1306.o(.text.ssd1306_SetCursor) for ssd1306_SetCursor
    main.o(.text.backgroundDraw) refers to ssd1306_fonts.o(.data.Font_6x8) for Font_6x8
    main.o(.text.backgroundDraw) refers to main.o(.rodata.str1.1) for .L.str
    main.o(.text.backgroundDraw) refers to ssd1306.o(.text.ssd1306_WriteString) for ssd1306_WriteString
    main.o(.ARM.exidx.text.backgroundDraw) refers to main.o(.text.backgroundDraw) for [Anonymous Symbol]
    main.o(.text.secondHand) refers to main.o(.bss.secondsOnes) for secondsOnes
    main.o(.text.secondHand) refers to main.o(.bss.secondsTens) for secondsTens
    main.o(.text.secondHand) refers to main.o(.bss.seconds) for seconds
    main.o(.text.secondHand) refers to dflt_clz.o(x$fpl$dflt) for __aeabi_i2d
    main.o(.text.secondHand) refers to dmul.o(x$fpl$dmul) for __aeabi_dmul
    main.o(.text.secondHand) refers to daddsub_clz.o(x$fpl$dadd) for __aeabi_dadd
    main.o(.text.secondHand) refers to cos.o(i.__hardfp_cos) for __hardfp_cos
    main.o(.text.secondHand) refers to dfix.o(x$fpl$dfix) for __aeabi_d2iz
    main.o(.text.secondHand) refers to sin.o(i.__hardfp_sin) for __hardfp_sin
    main.o(.text.secondHand) refers to ssd1306.o(.text.ssd1306_Line) for ssd1306_Line
    main.o(.ARM.exidx.text.secondHand) refers to main.o(.text.secondHand) for [Anonymous Symbol]
    main.o(.text.minuteHand) refers to main.o(.bss.minutesOnes) for minutesOnes
    main.o(.text.minuteHand) refers to main.o(.bss.minutesTens) for minutesTens
    main.o(.text.minuteHand) refers to main.o(.bss.minutes) for minutes
    main.o(.text.minuteHand) refers to dflt_clz.o(x$fpl$dflt) for __aeabi_i2d
    main.o(.text.minuteHand) refers to dmul.o(x$fpl$dmul) for __aeabi_dmul
    main.o(.text.minuteHand) refers to daddsub_clz.o(x$fpl$dadd) for __aeabi_dadd
    main.o(.text.minuteHand) refers to cos.o(i.__hardfp_cos) for __hardfp_cos
    main.o(.text.minuteHand) refers to dfix.o(x$fpl$dfix) for __aeabi_d2iz
    main.o(.text.minuteHand) refers to sin.o(i.__hardfp_sin) for __hardfp_sin
    main.o(.text.minuteHand) refers to ssd1306.o(.text.ssd1306_Line) for ssd1306_Line
    main.o(.ARM.exidx.text.minuteHand) refers to main.o(.text.minuteHand) for [Anonymous Symbol]
    main.o(.text.hourHand) refers to main.o(.bss.hoursOnes) for hoursOnes
    main.o(.text.hourHand) refers to main.o(.bss.hoursTens) for hoursTens
    main.o(.text.hourHand) refers to main.o(.bss.hours) for hours
    main.o(.text.hourHand) refers to dflt_clz.o(x$fpl$dflt) for __aeabi_i2d
    main.o(.text.hourHand) refers to dmul.o(x$fpl$dmul) for __aeabi_dmul
    main.o(.text.hourHand) refers to daddsub_clz.o(x$fpl$dadd) for __aeabi_dadd
    main.o(.text.hourHand) refers to cos.o(i.__hardfp_cos) for __hardfp_cos
    main.o(.text.hourHand) refers to dfix.o(x$fpl$dfix) for __aeabi_d2iz
    main.o(.text.hourHand) refers to sin.o(i.__hardfp_sin) for __hardfp_sin
    main.o(.text.hourHand) refers to ssd1306.o(.text.ssd1306_Line) for ssd1306_Line
    main.o(.ARM.exidx.text.hourHand) refers to main.o(.text.hourHand) for [Anonymous Symbol]
    main.o(.text.digitalSideCLK) refers to rt_memclr.o(.text) for __aeabi_memclr
    main.o(.text.digitalSideCLK) refers to main.o(.rodata.str1.1) for .L.str.4
    main.o(.text.digitalSideCLK) refers to sprintf.o(.text) for sprintf
    main.o(.text.digitalSideCLK) refers to ssd1306.o(.text.ssd1306_SetCursor) for ssd1306_SetCursor
    main.o(.text.digitalSideCLK) refers to ssd1306_fonts.o(.data.Font_11x18) for Font_11x18
    main.o(.text.digitalSideCLK) refers to ssd1306.o(.text.ssd1306_WriteString) for ssd1306_WriteString
    main.o(.ARM.exidx.text.digitalSideCLK) refers to main.o(.text.digitalSideCLK) for [Anonymous Symbol]
    main.o(.text.main) refers to sysclock.o(.text.System_Clock_Init) for System_Clock_Init
    main.o(.text.main) refers to i2c.o(.text.I2C_GPIO_init) for I2C_GPIO_init
    main.o(.text.main) refers to i2c.o(.text.I2C_Initialization) for I2C_Initialization
    main.o(.text.main) refers to ssd1306.o(.text.ssd1306_Init) for ssd1306_Init
    main.o(.text.main) refers to main.o(.text.RTC_Init) for RTC_Init
    main.o(.text.main) refers to main.o(.text.backgroundDraw) for backgroundDraw
    main.o(.text.main) refers to main.o(.text.secondHand) for secondHand
[...]
    .text                                    0x08000394   Section       68  rt_memclr.o(.text)
    .text                                    0x080003d8   Section        0  heapauxi.o(.text)
    .text                                    0x080003de   Section        0  _rserrno.o(.text)
    .text                                    0x080003f4   Section        0  _printf_pad.o(.text)
    .text                                    0x08000442   Section        0  _printf_truncate.o(.text)
    .text                                    0x08000466   Section        0  _printf_str.o(.text)
    .text                                    0x080004b8   Section        0  _printf_dec.o(.text)
    .text                                    0x08000530   Section        0  _printf_charcount.o(.text)
    _printf_input_char                       0x08000559   Thumb Code    10  _printf_char_common.o(.text)
    .text                                    0x08000558   Section        0  _printf_char_common.o(.text)
    .text                                    0x08000588   Section        0  _sputc.o(.text)
    .text                                    0x08000594   Section        0  _printf_wctomb.o(.text)
    .text                                    0x08000658   Section        0  _printf_longlong_dec.o(.text)
    _printf_longlong_oct_internal            0x080006d5   Thumb Code     0  _printf_oct_int_ll.o(.text)
    .text                                    0x080006d4   Section        0  _printf_oct_int_ll.o(.text)
    _printf_hex_common                       0x08000745   Thumb Code     0  _printf_hex_int_ll_ptr.o(.text)
    .text                                    0x08000744   Section        0  _printf_hex_int_ll_ptr.o(.text)
    .text                                    0x080007d8   Section        0  __printf_flags_ss_wp.o(.text)
    .text                                    0x08000966   Section       78  rt_memclr_w.o(.text)
    .text                                    0x080009b4   Section        8  rt_errno_addr_intlibspace.o(.text)
    .text                                    0x080009bc   Section      138  lludiv10.o(.text)
    .text                                    0x08000a46   Section        0  _printf_intcommon.o(.text)
    _fp_digits                               0x08000af9   Thumb Code   432  _printf_fp_dec.o(.text)
    .text                                    0x08000af8   Section        0  _printf_fp_dec.o(.text)
    .text                                    0x08000f1c   Section        0  _printf_fp_hex.o(.text)
    .text                                    0x0800121e   Section        0  _printf_char.o(.text)
    .text                                    0x0800124a   Section        0  _printf_wchar.o(.text)
    .text                                    0x08001276   Section        0  _c16rtomb.o(.text)
    .text                                    0x080012c0   Section        8  libspace.o(.text)
    .text                                    0x080012c8   Section       74  sys_stackheap_outer.o(.text)
    .text                                    0x08001314   Section       16  rt_ctype_table.o(.text)
    .text                                    0x08001324   Section        8  rt_locale_intlibspace.o(.text)
    .text                                    0x0800132c   Section        0  _printf_fp_infnan.o(.text)
    .text                                    0x080013ac   Section        0  bigflt0.o(.text)
    .text                                    0x08001490   Section        0  exit.o(.text)
    .text                                    0x080014a8   Section      124  strcmpv7em.o(.text)
    .text                                    0x08001524   Section        0  sys_exit.o(.text)
    .text                                    0x08001530   Section        2  use_no_semi.o(.text)
    .text                                    0x08001532   Section        0  indicate_semi.o(.text)
    [Anonymous Symbol]                       0x08001534   Section        0  i2c.o(.text.I2C1_ER_IRQHandler)
    [Anonymous Symbol]                       0x08001538   Section        0  i2c.o(.text.I2C1_EV_IRQHandler)
    [Anonymous Symbol]                       0x0800153c   Section        0  i2c.o(.text.I2C_GPIO_init)
    [Anonymous Symbol]                       0x080015b8   Section        0  i2c.o(.text.I2C_Initialization)
    [Anonymous Symbol]                       0x08001778   Section        0  i2c.o(.text.I2C_SendData)
    [Anonymous Symbol]                       0x08001854   Section        0  i2c.o(.text.I2C_Start)
    [Anonymous Symbol]                       0x080018c0   Section        0  i2c.o(.text.I2C_Stop)
    [Anonymous Symbol]                       0x080018e4   Section        0  i2c.o(.text.I2C_WaitLineIdle)
    [Anonymous Symbol]                       0x080018fc   Section        0  main.o(.text.LCD_RTC_Clock_Enable)
    [Anonymous Symbol]                       0x080019d4   Section        0  main.o(.text.RTC_Init)
    [Anonymous Symbol]                       0x08001a7c   Section        0  sysclock.o(.text.System_Clock_Init)
    [Anonymous Symbol]                       0x08001c50   Section        0  main.o(.text.backgroundDraw)
    [Anonymous Symbol]                       0x08001ce8   Section        0  main.o(.text.digitalSideCLK)
    [Anonymous Symbol]                       0x08001db0   Section        0  main.o(.text.hourHand)
    [Anonymous Symbol]                       0x08001f10   Section        0  main.o(.text.main)
    [Anonymous Symbol]                       0x08001f50   Section        0  main.o(.text.minuteHand)
    [Anonymous Symbol]                       0x080020b0   Section        0  main.o(.text.secondHand)
    [Anonymous Symbol]                       0x08002200   Section        0  ssd1306.o(.text.ssd1306_DrawCircle)
    [Anonymous Symbol]                       0x08002324   Section        0  ssd1306.o(.text.ssd1306_DrawPixel)
    [Anonymous Symbol]                       0x080023cc   Section        0  ssd1306.o(.text.ssd1306_Fill)
    [Anonymous Symbol]                       0x08002408   Section        0  ssd1306.o(.text.ssd1306_Init)
    [Anonymous Symbol]                       0x080024f8   Section        0  ssd1306.o(.text.ssd1306_Line)
    [Anonymous Symbol]                       0x08002604   Section        0  ssd1306.o(.text.ssd1306_Reset)
    [Anonymous Symbol]                       0x08002608   Section        0  ssd1306.o(.text.ssd1306_SetContrast)
    [Anonymous Symbol]                       0x08002628   Section        0  ssd1306.o(.text.ssd1306_SetCursor)
    [Anonymous Symbol]                       0x0800264c   Section        0  ssd1306.o(.text.ssd1306_SetDisplayOn)
    [Anonymous Symbol]                       0x08002690   Section        0  ssd1306.o(.text.ssd1306_UpdateScreen)
    [Anonymous Symbol]                       0x080026e8   Section        0  ssd1306.o(.text.ssd1306_WriteChar)
    [Anonymous Symbol]                       0x08002814   Section        0  ssd1306.o(.text.ssd1306_WriteCommand)
    [Anonymous Symbol]                       0x08002844   Section        0  ssd1306.o(.text.ssd1306_WriteData)
    [Anonymous Symbol]                       0x080028b0   Section        0  ssd1306.o(.text.ssd1306_WriteString)
    CL$$btod_d2e                             0x08002906   Section       62  btod.o(CL$$btod_d2e)
    CL$$btod_d2e_denorm_low                  0x08002944   Section       70  btod.o(CL$$btod_d2e_denorm_low)
    CL$$btod_d2e_norm_op1                    0x0800298a   Section       96  btod.o(CL$$btod_d2e_norm_op1)
    CL$$btod_div_common                      0x080029ec   Section      824  btod.o(CL$$btod_div_common)
    CL$$btod_e2e                             0x08002d24   Section      220  btod.o(CL$$btod_e2e)
    CL$$btod_ediv                            0x08002e00   Section       42  btod.o(CL$$btod_ediv)
    CL$$btod_emul                            0x08002e2a   Section       42  btod.o(CL$$btod_emul)
    CL$$btod_mult_common                     0x08002e54   Section      580  btod.o(CL$$btod_mult_common)
    i.__ARM_fpclassify                       0x08003098   Section        0  fpclassify.o(i.__ARM_fpclassify)
    i.__hardfp_cos                           0x080030c8   Section        0  cos.o(i.__hardfp_cos)
    i.__hardfp_sin                           0x08003190   Section        0  sin.o(i.__hardfp_sin)
    i.__ieee754_rem_pio2                     0x08003258   Section        0  rred.o(i.__ieee754_rem_pio2)
    i.__kernel_cos                           0x08003698   Section        0  cos_i.o(i.__kernel_cos)
    i.__kernel_poly                          0x08003808   Section        0  poly.o(i.__kernel_poly)
    i.__kernel_sin                           0x08003900   Section        0  sin_i.o(i.__kernel_sin)
    i.__mathlib_dbl_infnan                   0x08003a48   Section        0  dunder.o(i.__mathlib_dbl_infnan)
    i.__mathlib_dbl_invalid                  0x08003a60   Section        0  dunder.o(i.__mathlib_dbl_invalid)
    i.__mathlib_dbl_underflow                0x08003a80   Section        0  dunder.o(i.__mathlib_dbl_underflow)
    i._is_digit                              0x08003aa0   Section        0  __printf_wp.o(i._is_digit)
    i.fabs                                   0x08003aae   Section        0  fabs.o(i.fabs)
    locale$$code                             0x08003ac8   Section       44  lc_numeric_c.o(locale$$code)
    locale$$code                             0x08003af4   Section       44  lc_ctype_c.o(locale$$code)
    $v0                                      0x08003b20   Number         0  basic.o(x$fpl$basic)
    x$fpl$basic                              0x08003b20   Section       24  basic.o(x$fpl$basic)
    $v0                                      0x08003b38   Number         0  daddsub_clz.o(x$fpl$dadd)
    x$fpl$dadd                               0x08003b38   Section      336  daddsub_clz.o(x$fpl$dadd)
    _dadd1                                   0x08003b49   Thumb Code     0  daddsub_clz.o(x$fpl$dadd)
    $v0                                      0x08003c88   Number         0  ddiv.o(x$fpl$ddiv)
    x$fpl$ddiv                               0x08003c88   Section      692  ddiv.o(x$fpl$ddiv)
    ddiv_entry                               0x08003c8f   Thumb Code     0  ddiv.o(x$fpl$ddiv)
    $v0                                      0x08003f3c   Number         0  dfix.o(x$fpl$dfix)
    x$fpl$dfix                               0x08003f3c   Section       94  dfix.o(x$fpl$dfix)
    $v0                                      0x08003f9a   Number         0  dflt_clz.o(x$fpl$dflt)
    x$fpl$dflt                               0x08003f9a   Section       46  dflt_clz.o(x$fpl$dflt)
    $v0                                      0x08003fc8   Number         0  dflt_clz.o(x$fpl$dfltu)
    x$fpl$dfltu                              0x08003fc8   Section       38  dflt_clz.o(x$fpl$dfltu)
    $v0                                      0x08003ff0   Number         0  dmul.o(x$fpl$dmul)
    x$fpl$dmul                               0x08003ff0   Section      340  dmul.o(x$fpl$dmul)
    $v0                                      0x08004144   Number         0  dnaninf.o(x$fpl$dnaninf)
    x$fpl$dnaninf                            0x08004144   Section      156  dnaninf.o(x$fpl$dnaninf)
    $v0                                      0x080041e0   Number         0  dretinf.o(x$fpl$dretinf)
    x$fpl$dretinf                            0x080041e0   Section       12  dretinf.o(x$fpl$dretinf)
    $v0                                      0x080041ec   Number         0  daddsub_clz.o(x$fpl$drsb)
    x$fpl$drsb                               0x080041ec   Section       22  daddsub_clz.o(x$fpl$drsb)
    $v0                                      0x08004204   Number         0  daddsub_clz.o(x$fpl$dsub)
    x$fpl$dsub                               0x08004204   Section      476  daddsub_clz.o(x$fpl$dsub)
    _dsub1                                   0x08004215   Thumb Code     0  daddsub_clz.o(x$fpl$dsub)
    $v0                                      0x080043e0   Number         0  fpinit.o(x$fpl$fpinit)
    x$fpl$fpinit                             0x080043e0   Section       26  fpinit.o(x$fpl$fpinit)
    $v0                                      0x080043fa   Number         0  printf1.o(x$fpl$printf1)
    x$fpl$printf1                            0x080043fa   Section        4  printf1.o(x$fpl$printf1)
    $v0                                      0x080043fe   Number         0  printf2.o(x$fpl$printf2)
    x$fpl$printf2                            0x080043fe   Section        4  printf2.o(x$fpl$printf2)
    x$fpl$usenofp                            0x08004402   Section        0  usenofp.o(x$fpl$usenofp)
    initial_mbstate                          0x08004404   Data           8  _printf_wctomb.o(.constdata)
    .constdata                               0x08004404   Section        8  _printf_wctomb.o(.constdata)
    uc_hextab                                0x0800440c   Data          20  _printf_hex_int_ll_ptr.o(.constdata)
    .constdata                               0x0800440c   Section       40  _printf_hex_int_ll_ptr.o(.constdata)
    lc_hextab                                0x08004420   Data          20  _printf_hex_int_ll_ptr.o(.constdata)
    maptable                                 0x08004434   Data          17  __printf_flags_ss_wp.o(.constdata)
    .constdata                               0x08004434   Section       17  __printf_flags_ss_wp.o(.constdata)
    C                                        0x08004448   Data          48  cos_i.o(.constdata)
    .constdata                               0x08004448   Section       48  cos_i.o(.constdata)
    pio2s                                    0x08004478   Data          48  rred.o(.constdata)
    .constdata                               0x08004478   Section      204  rred.o(.constdata)
    twooverpi                                0x080044a8   Data         156  rred.o(.constdata)
    S                                        0x08004548   Data          40  sin_i.o(.constdata)
    .constdata                               0x08004548   Section       40  sin_i.o(.constdata)
    lc_hextab                                0x08004570   Data          19  _printf_fp_hex.o(.constdata)
    .constdata                               0x08004570   Section       38  _printf_fp_hex.o(.constdata)
    uc_hextab                                0x08004583   Data          19  _printf_fp_hex.o(.constdata)
    tenpwrs_x                                0x08004598   Data          60  bigflt0.o(.constdata)
    .constdata                               0x08004598   Section      148  bigflt0.o(.constdata)
    tenpwrs_i                                0x080045d4   Data          64  bigflt0.o(.constdata)
    Font11x18                                0x0800462c   Data        3420  ssd1306_fonts.o(.rodata.Font11x18)
    [Anonymous Symbol]                       0x0800462c   Section        0  ssd1306_fonts.o(.rodata.Font11x18)
    Font6x8                                  0x08005388   Data        1520  ssd1306_fonts.o(.rodata.Font6x8)
    [Anonymous Symbol]                       0x08005388   Section        0  ssd1306_fonts.o(.rodata.Font6x8)
    .L.str.3                                 0x08005978   Data           3  main.o(.rodata.str1.1)
    [Anonymous Symbol]                       0x08005978   Section        0  main.o(.rodata.str1.1)
    .L.str                                   0x0800597b   Data           2  main.o(.rodata.str1.1)
    .L.str.1                                 0x0800597d   Data           2  main.o(.rodata.str1.1)
    .L.str.2                                 0x0800597f   Data           2  main.o(.rodata.str1.1)
    .L.str.4                                 0x08005981   Data           5  main.o(.rodata.str1.1)
    locale$$data                             0x080059a8   Section       28  lc_numeric_c.o(locale$$data)
    __lcnum_c_name                           0x080059ac   Data           2  lc_numeric_c.o(locale$$data)
    __lcnum_c_start                          0x080059b4   Data           0  lc_numeric_c.o(locale$$data)
    __lcnum_c_point                          0x080059c0   Data           0  lc_numeric_c.o(locale$$data)
    __lcnum_c_thousands                      0x080059c2   Data           0  lc_numeric_c.o(locale$$data)
    __lcnum_c_grouping                       0x080059c3   Data           0  lc_numeric_c.o(locale$$data)
    __lcnum_c_end                            0x080059c4   Data           0  lc_numeric_c.o(locale$$data)
    locale$$data                             0x080059c4   Section      272  lc_ctype_c.o(locale$$data)
    __lcctype_c_name                         0x080059c8   Data           2  lc_ctype_c.o(locale$$data)
    __lcctype_c_start                        0x080059d0   Data           0  lc_ctype_c.o(locale$$data)
    __lcctype_c_end                          0x08005ad4   Data           0  lc_ctype_c.o(locale$$data)
    .bss                                     0x20000010   Section       96  libspace.o(.bss)
    SSD1306                                  0x20000070   Data           8  ssd1306.o(.bss.SSD1306)
    [Anonymous Symbol]                       0x20000070   Section        0  ssd1306.o(.bss.SSD1306)
    SSD1306_Buffer                           0x20000078   Data        1024  ssd1306.o(.bss.SSD1306_Buffer)
    [Anonymous Symbol]                       0x20000078   Section        0  ssd1306.o(.bss.SSD1306_Buffer)
    Heap_Mem                                 0x200004a0   Data         512  startup_stm32l476xx.o(HEAP)
    HEAP                                     0x200004a0   Section      512  startup_stm32l476xx.o(HEAP)
    Stack_Mem                                0x200006a0   Data        1024  startup_stm32l476xx.o(STACK)
    STACK                                    0x200006a0   Section     1024  startup_stm32l476xx.o(STACK)
    __initial_sp                             0x20000aa0   Data           0  startup_stm32l476xx.o(STACK)

    Global Symbols

    Symbol Name                              Value     Ov Type        Size  Object(Section)

    BuildAttributes$$THM_ISAv4$E$P$D$K$B$S$7EM$VFPi3$EXTD16$VFPS$VFMA$PE$A:L22UL41UL21$X:L11$S22US41US21$IEEE1$IW$~IW$USESV6$~STKCKD$USESV7$~SHL$OTIME$ROPI$IEEEX$EBA8$UX$STANDARDLIB$REQ8$PRES8$EABIv2 0x00000000   Number         0  anon$$obj.o ABSOLUTE
    Image$$ER_IROM1$$RW$$Length              0x00000000   Number         0  anon$$obj.o ABSOLUTE
    Image$$ER_IROM1$$ZI$$Length              0x00000000   Number         0  anon$$obj.o ABSOLUTE
    Image$$RW_IRAM1$$RO$$Length              0x00000000   Number         0  anon$$obj.o ABSOLUTE
    _printf_flags                            0x00000000   Number         0  printf_stubs.o ABSOLUTE
    _printf_return_value                     0x00000000   Number         0  printf_stubs.o ABSOLUTE
    _printf_sizespec                         0x00000000   Number         0  printf_stubs.o ABSOLUTE
    _printf_widthprec                        0x00000000   Number         0  printf_stubs.o ABSOLUTE
    __ARM_exceptions_init                     - Undefined Weak Reference
    __alloca_initialize                       - Undefined Weak Reference
    __arm_preinit_                            - Undefined Weak Reference
    __arm_relocate_pie_                       - Undefined Weak Reference
    __cpp_initialize__aeabi_                  - Undefined Weak Reference
    __cxa_finalize                            - Undefined Weak Reference
    __sigvec_lookup                           - Undefined Weak Reference
    _atexit_init                              - Undefined Weak Reference
    _call_atexit_fns                          - Undefined Weak Reference
    _clock_init                               - Undefined Weak Reference
    _fp_trap_init                             - Undefined Weak Reference
    _fp_trap_shutdown                         - Undefined Weak Reference
    _get_lc_collate                           - Undefined Weak Reference
    _get_lc_monetary                          - Undefined Weak Reference
    _get_lc_time                              - Undefined Weak Reference
    _getenv_init                              - Undefined Weak Reference
    _handle_redirection                       - Undefined Weak Reference
    _init_alloc                               - Undefined Weak Reference
    _init_user_alloc                          - Undefined Weak Reference
    _initio                                   - Undefined Weak Reference
    _printf_mbtowc                            - Undefined Weak Reference
    _printf_wc                                - Undefined Weak Reference
    _rand_init                                - Undefined Weak Reference
    _signal_finish                            - Undefined Weak Reference
    _signal_init                              - Undefined Weak Reference
    _terminate_alloc                          - Undefined Weak Reference
    _terminate_user_alloc                     - Undefined Weak Reference
    _terminateio                              - Undefined Weak Reference
    Image$$RW_IRAM1$$Length                  0x00000010   Number         0  anon$$obj.o ABSOLUTE
    Image$$RW_IRAM1$$RW$$Length              0x00000010   Number         0  anon$$obj.o ABSOLUTE
    __Vectors_Size                           0x00000188   Number         0  startup_stm32l476xx.o ABSOLUTE
    Image$$RW_IRAM1$$ZI$$Length              0x00000a90   Number         0  anon$$obj.o ABSOLUTE
    Image$$ER_IROM1$$RO$$Length              0x00005ad4   Number         0  anon$$obj.o ABSOLUTE
    Image$$ER_IROM1$$RO$$Base                0x08000000   Number         0  anon$$obj.o ABSOLUTE
    Load$$ER_IROM1$$Base                     0x08000000   Number         0  anon$$obj.o ABSOLUTE
    __Vectors                                0x08000000   Data           4  startup_stm32l476xx.o(RESET)
    __Vectors_End                            0x08000188   Data           0  startup_stm32l476xx.o(RESET)
    __main                                   0x08000189   Thumb Code     8  __main.o(!!!main)
    __scatterload                            0x08000191   Thumb Code     0  __scatter.o(!!!scatter)
    __scatterload_rt2                        0x08000191   Thumb Code    44  __scatter.o(!!!scatter)
    __scatterload_rt2_thumb_only             0x08000191   Thumb Code     0  __scatter.o(!!!scatter)
    __scatterload_null                       0x0800019f   Thumb Code     0  __scatter.o(!!!scatter)
    __scatterload_copy                       0x080001c5   Thumb Code    26  __scatter_copy.o(!!handler_copy)
    __scatterload_zeroinit                   0x080001e1   Thumb Code    28  __scatter_zi.o(!!handler_zi)
    _printf_n                                0x080001fd   Thumb Code     0  _printf_n.o(.ARM.Collect$$_printf_percent$$00000001)
    _printf_percent                          0x080001fd   Thumb Code     0  _printf_percent.o(.ARM.Collect$$_printf_percent$$00000000)
    _printf_p                                0x08000203   Thumb Code     0  _printf_p.o(.ARM.Collect$$_printf_percent$$00000002)
    _printf_f                                0x08000209   Thumb Code     0  _printf_f.o(.ARM.Collect$$_printf_percent$$00000003)
    _printf_e                                0x0800020f   Thumb Code     0  _printf_e.o(.ARM.Collect$$_printf_percent$$00000004)
    _printf_g                                0x08000215   Thumb Code     0  _printf_g.o(.ARM.Collect$$_printf_percent$$00000005)
    _printf_a                                0x0800021b   Thumb Code     0  _printf_a.o(.ARM.Collect$$_printf_percent$$00000006)
    _printf_ll                               0x08000221   Thumb Code     0  _printf_ll.o(.ARM.Collect$$_printf_percent$$00000007)
    _printf_i                                0x0800022b   Thumb Code     0  _printf_i.o(.ARM.Collect$$_printf_percent$$00000008)
    _printf_d                                0x08000231   Thumb Code     0  _printf_d.o(.ARM.Collect$$_printf_percent$$00000009)
    _printf_u                                0x08000237   Thumb Code     0  _printf_u.o(.ARM.Collect$$_printf_percent$$0000000A)
    _printf_o                                0x0800023d   Thumb Code     0  _printf_o.o(.ARM.Collect$$_printf_percent$$0000000B)
    _printf_x                                0x08000243   Thumb Code     0  _printf_x.o(.ARM.Collect$$_printf_percent$$0000000C)
    _printf_lli                              0x08000249   Thumb Code     0  _printf_lli.o(.ARM.Collect$$_printf_percent$$0000000D)
    _printf_lld                              0x0800024f   Thumb Code     0  _printf_lld.o(.ARM.Collect$$_printf_percent$$0000000E)
    _printf_llu                              0x08000255   Thumb Code     0  _printf_llu.o(.ARM.Collect$$_printf_percent$$0000000F)
    _printf_llo                              0x0800025b   Thumb Code     0  _printf_llo.o(.ARM.Collect$$_printf_percent$$00000010)
    _printf_llx                              0x08000261   Thumb Code     0  _printf_llx.o(.ARM.Collect$$_printf_percent$$00000011)
    _printf_l                                0x08000267   Thumb Code     0  _printf_l.o(.ARM.Collect$$_printf_percent$$00000012)
    _printf_c                                0x08000271   Thumb Code     0  _printf_c.o(.ARM.Collect$$_printf_percent$$00000013)
    _printf_s                                0x08000277   Thumb Code     0  _printf_s.o(.ARM.Collect$$_printf_percent$$00000014)
    _printf_lc                               0x0800027d   Thumb Code     0  _printf_lc.o(.ARM.Collect$$_printf_percent$$00000015)
    _printf_ls                               0x08000283   Thumb Code     0  _printf_ls.o(.ARM.Collect$$_printf_percent$$00000016)
    _printf_percent_end                      0x08000289   Thumb Code     0  _printf_percent_end.o(.ARM.Collect$$_printf_percent$$00000017)
    __rt_lib_init                            0x0800028d   Thumb Code     0  libinit.o(.ARM.Collect$$libinit$$00000000)
    __rt_lib_init_fp_1                       0x0800028f   Thumb Code     0  libinit2.o(.ARM.Collect$$libinit$$00000001)
    __rt_lib_init_heap_1                     0x08000293   Thumb Code     0  libinit2.o(.ARM.Collect$$libinit$$0000000C)
    __rt_lib_init_lc_common                  0x08000293   Thumb Code     0  libinit2.o(.ARM.Collect$$libinit$$00000011)
    __rt_lib_init_preinit_1                  0x08000293   Thumb Code     0  libinit2.o(.ARM.Collect$$libinit$$00000006)
    __rt_lib_init_rand_1                     0x08000293   Thumb Code     0  libinit2.o(.ARM.Collect$$libinit$$00000010)
    __rt_lib_init_relocate_pie_1             0x08000293   Thumb Code     0  libinit2.o(.ARM.Collect$$libinit$$00000004)
    __rt_lib_init_user_alloc_1               0x08000293   Thumb Code     0  libinit2.o(.ARM.Collect$$libinit$$0000000E)
    __rt_lib_init_lc_collate_1               0x08000299   Thumb Code     0  libinit2.o(.ARM.Collect$$libinit$$00000013)
    __rt_lib_init_lc_ctype_2                 0x08000299   Thumb Code     0  libinit2.o(.ARM.Collect$$libinit$$00000014)
    __rt_lib_init_lc_ctype_1                 0x080002a5   Thumb Code     0  libinit2.o(.ARM.Collect$$libinit$$00000015)
    __rt_lib_init_lc_monetary_1              0x080002a5   Thumb Code     0  libinit2.o(.ARM.Collect$$libinit$$00000017)
    __rt_lib_init_lc_numeric_2               0x080002a5   Thumb Code     0  libinit2.o(.ARM.Collect$$libinit$$00000018)
    __rt_lib_init_alloca_1                   0x080002af   Thumb Code     0  libinit2.o(.ARM.Collect$$libinit$$00000030)
    __rt_lib_init_argv_1                     0x080002af   Thumb Code     0  libinit2.o(.ARM.Collect$$libinit$$0000002E)
    __rt_lib_init_atexit_1                   0x080002af   Thumb Code     0  libinit2.o(.ARM.Collect$$libinit$$0000001D)
    __rt_lib_init_clock_1                    0x080002af   Thumb Code     0  libinit2.o(.ARM.Collect$$libinit$$00000023)
    __rt_lib_init_cpp_1                      0x080002af   Thumb Code     0  libinit2.o(.ARM.Collect$$libinit$$00000034)
    __rt_lib_init_exceptions_1               0x080002af   Thumb Code     0  libinit2.o(.ARM.Collect$$libinit$$00000032)
    __rt_lib_init_fp_trap_1                  0x080002af   Thumb Code     0  libinit2.o(.ARM.Collect$$libinit$$00000021)
    __rt_lib_init_getenv_1                   0x080002af   Thumb Code     0  libinit2.o(.ARM.Collect$$libinit$$00000025)
    __rt_lib_init_lc_numeric_1               0x080002af   Thumb Code     0  libinit2.o(.ARM.Collect$$libinit$$00000019)
    __rt_lib_init_lc_time_1                  0x080002af   Thumb Code     0  libinit2.o(.ARM.Collect$$libinit$$0000001B)
    __rt_lib_init_return                     0x080002af   Thumb Code     0  libinit2.o(.ARM.Collect$$libinit$$00000035)
    __rt_lib_init_signal_1                   0x080002af   Thumb Code     0  libinit2.o(.ARM.Collect$$libinit$$0000001F)
    __rt_lib_init_stdio_1                    0x080002af   Thumb Code     0  libinit2.o(.ARM.Collect$$libinit$$00000027)
    __rt_lib_shutdown                        0x080002b1   Thumb Code     0  libshutdown.o(.ARM.Collect$$libshutdown$$00000000)
    __rt_lib_shutdown_cpp_1                  0x080002b3   Thumb Code     0  libshutdown2.o(.ARM.Collect$$libshutdown$$00000002)
    __rt_lib_shutdown_fp_trap_1              0x080002b3   Thumb Code     0  libshutdown2.o(.ARM.Collect$$libshutdown$$00000007)
    __rt_lib_shutdown_heap_1                 0x080002b3   Thumb Code     0  libshutdown2.o(.ARM.Collect$$libshutdown$$0000000F)
    __rt_lib_shutdown_return                 0x080002b3   Thumb Code     0  libshutdown2.o(.ARM.Collect$$libshutdown$$00000010)
    __rt_lib_shutdown_signal_1               0x080002b3   Thumb Code     0  libshutdown2.o(.ARM.Collect$$libshutdown$$0000000A)
    __rt_lib_shutdown_stdio_1                0x080002b3   Thumb Code     0  libshutdown2.o(.ARM.Collect$$libshutdown$$00000004)
    __rt_lib_shutdown_user_alloc_1           0x080002b3   Thumb Code     0  libshutdown2.o(.ARM.Collect$$libshutdown$$0000000C)
    __rt_entry                               0x080002b5   Thumb Code     0  __rtentry.o(.ARM.Collect$$rtentry$$00000000)
    __rt_entry_presh_1                       0x080002b5   Thumb Code     0  __rtentry2.o(.ARM.Collect$$rtentry$$00000002)
    __rt_entry_sh                            0x080002b5   Thumb Code     0  __rtentry4.o(.ARM.Collect$$rtentry$$00000004)
    __rt_entry_li                            0x080002bb   Thumb Code     0  __rtentry2.o(.ARM.Collect$$rtentry$$0000000A)
    __rt_entry_postsh_1                      0x080002bb   Thumb Code     0  __rtentry2.o(.ARM.Collect$$rtentry$$00000009)
    __rt_entry_main                          0x080002bf   Thumb Code     0  __rtentry2.o(.ARM.Collect$$rtentry$$0000000D)
    __rt_entry_postli_1                      0x080002bf   Thumb Code     0  __rtentry2.o(.ARM.Collect$$rtentry$$0000000C)
    __rt_exit                                0x080002c7   Thumb Code     0  rtexit.o(.ARM.Collect$$rtexit$$00000000)
    __rt_exit_ls                             0x080002c9   Thumb Code     0  rtexit2.o(.ARM.Collect$$rtexit$$00000003)
    __rt_exit_prels_1                        0x080002c9   Thumb Code     0  rtexit2.o(.ARM.Collect$$rtexit$$00000002)
    __rt_exit_exit                           0x080002cd   Thumb Code     0  rtexit2.o(.ARM.Collect$$rtexit$$00000004)
    Reset_Handler                            0x080002d5   Thumb Code    62  startup_stm32l476xx.o(.text)
    NMI_Handler                              0x08000313   Thumb Code     2  startup_stm32l476xx.o(.text)
    HardFault_Handler                        0x08000315   Thumb Code     2  startup_stm32l476xx.o(.text)
    MemManage_Handler                        0x08000317   Thumb Code     2  startup_stm32l476xx.o(.text)
    BusFault_Handler                         0x08000319   Thumb Code     2  startup_stm32l476xx.o(.text)
    UsageFault_Handler                       0x0800031b   Thumb Code     2  startup_stm32l476xx.o(.text)
    SVC_Handler                              0x0800031d   Thumb Code     2  startup_stm32l476xx.o(.text)
    DebugMon_Handler                         0x0800031f   Thumb Code     2  startup_stm32l476xx.o(.text)
    PendSV_Handler                           0x08000321   Thumb Code     2  startup_stm32l476xx.o(.text)
    SysTick_Handler                          0x08000323   Thumb Code     2  startup_stm32l476xx.o(.text)
    ADC1_2_IRQHandler                        0x08000325   Thumb Code     0  startup_stm32l476xx.o(.text)
    ADC3_IRQHandler                          0x08000325   Thumb Code     0  startup_stm32l476xx.o(.text)
    CAN1_RX0_IRQHandler                      0x08000325   Thumb Code     0  startup_stm32l476xx.o(.text)
    CAN1_RX1_IRQHandler                      0x08000325   Thumb Code     0  startup_stm32l476xx.o(.text)
    CAN1_SCE_IRQHandler                      0x08000325   Thumb Code     0  startup_stm32l476xx.o(.text)
    CAN1_TX_IRQHandler                       0x08000325   Thumb Code     0  startup_stm32l476xx.o(.text)
    COMP_IRQHandler                          0x08000325   Thumb Code     0  startup_stm32l476xx.o(.text)
    DFSDM0_IRQHandler                        0x08000325   Thumb Code     0  startup_stm32l476xx.o(.text)
    DFSDM1_IRQHandler                        0x08000325   Thumb Code     0  startup_stm32l476xx.o(.text)
    DFSDM2_IRQHandler                        0x08000325   Thumb Code     0  startup_stm32l476xx.o(.text)
    DFSDM3_IRQHandler                        0x08000325   Thumb Code     0  startup_stm32l476xx.o(.text)
    DMA1_Channel1_IRQHandler                 0x08000325   Thumb Code     0  startup_stm32l476xx.o(.text)
    DMA1_Channel2_IRQHandler                 0x08000325   Thumb Code     0  startup_stm32l476xx.o(.text)
    DMA1_Channel3_IRQHandler                 0x08000325   Thumb Code     0  startup_stm32l476xx.o(.text)
    DMA1_Channel4_IRQHandler                 0x08000325   Thumb Code     0  startup_stm32l476xx.o(.text)
    DMA1_Channel5_IRQHandler                 0x08000325   Thumb Code     0  startup_stm32l476xx.o(.text)
    DMA1_Channel6_IRQHandler                 0x08000325   Thumb Code     0  startup_stm32l476xx.o(.text)
    DMA1_Channel7_IRQHandler                 0x08000325   Thumb Code     0  startup_stm32l476xx.o(.text)
    DMA2_Channel1_IRQHandler                 0x08000325   Thumb Code     0  startup_stm32l476xx.o(.text)
    DMA2_Channel2_IRQHandler                 0x08000325   Thumb Code     0  startup_stm32l476xx.o(.text)
    DMA2_Channel3_IRQHandler                 0x08000325   Thumb Code     0  startup_stm32l476xx.o(.text)
    DMA2_Channel4_IRQHandler                 0x08000325   Thumb Code     0  startup_stm32l476xx.o(.text)
    DMA2_Channel5_IRQHandler                 0x08000325   Thumb Code     0  startup_stm32l476xx.o(.text)
    DMA2_Channel6_IRQHandler                 0x08000325   Thumb Code     0  startup_stm32l476xx.o(.text)
    DMA2_Channel7_IRQHandler                 0x08000325   Thumb Code     0  startup_stm32l476xx.o(.text)
    EXTI0_IRQHandler                         0x08000325   Thumb Code     0  startup_stm32l476xx.o(.text)
    EXTI15_10_IRQHandler                     0x08000325   Thumb Code     0  startup_stm32l476xx.o(.text)
    EXTI1_IRQHandler                         0x08000325   Thumb Code     0  startup_stm32l476xx.o(.text)
    EXTI2_IRQHandler                         0x08000325   Thumb Code     0  startup_stm32l476xx.o(.text)
    EXTI3_IRQHandler                         0x08000325   Thumb Code     0  startup_stm32l476xx.o(.text)
    EXTI4_IRQHandler                         0x08000325   Thumb Code     0  startup_stm32l476xx.o(.text)
    EXTI9_5_IRQHandler                       0x08000325   Thumb Code     0  startup_stm32l476xx.o(.text)
    FLASH_IRQHandler                         0x08000325   Thumb Code     0  startup_stm32l476xx.o(.text)
    FMC_IRQHandler                           0x08000325   Thumb Code     0  startup_stm32l476xx.o(.text)
    FPU_IRQHandler                           0x08000325   Thumb Code     0  startup_stm32l476xx.o(.text)
    I2C2_ER_IRQHandler                       0x08000325   Thumb Code     0  startup_stm32l476xx.o(.text)
    I2C2_EV_IRQHandler                       0x08000325   Thumb Code     0  startup_stm32l476xx.o(.text)
    I2C3_ER_IRQHandler                       0x08000325   Thumb Code     0  startup_stm32l476xx.o(.text)
    I2C3_EV_IRQHandler                       0x08000325   Thumb Code     0  startup_stm32l476xx.o(.text)
    LCD_IRQHandler                           0x08000325   Thumb Code     0  startup_stm32l476xx.o(.text)
    LPTIM1_IRQHandler                        0x08000325   Thumb Code     0  startup_stm32l476xx.o(.text)
    LPTIM2_IRQHandler                        0x08000325   Thumb Code     0  startup_stm32l476xx.o(.text)
    LPUART1_IRQHandler                       0x08000325   Thumb Code     0  startup_stm32l476xx.o(.text)
    OTG_FS_IRQHandler                        0x08000325   Thumb Code     0  startup_stm32l476xx.o(.text)
    PVD_PVM_IRQHandler                       0x08000325   Thumb Code     0  startup_stm32l476xx.o(.text)
    QUADSPI_IRQHandler                       0x08000325   Thumb Code     0  startup_stm32l476xx.o(.text)
    RCC_IRQHandler                           0x08000325   Thumb Code     0  startup_stm32l476xx.o(.text)
    RNG_IRQHandler                           0x08000325   Thumb Code     0  startup_stm32l476xx.o(.text)
    RTC_Alarm_IRQHandler                     0x08000325   Thumb Code     0  startup_stm32l476xx.o(.text)
    RTC_WKUP_IRQHandler                      0x08000325   Thumb Code     0  startup_stm32l476xx.o(.text)
    SAI1_IRQHandler                          0x08000325   Thumb Code     0  startup_stm32l476xx.o(.text)
    SAI2_IRQHandler                          0x08000325   Thumb Code     0  startup_stm32l476xx.o(.text)
    SDMMC1_IRQHandler                        0x08000325   Thumb Code     0  startup_stm32l476xx.o(.text)
    SPI1_IRQHandler                          0x08000325   Thumb Code     0  startup_stm32l476xx.o(.text)
    SPI2_IRQHandler                          0x08000325   Thumb Code     0  startup_stm32l476xx.o(.text)
    SPI3_IRQHandler                          0x08000325   Thumb Code     0  startup_stm32l476xx.o(.text)
    SWPMI1_IRQHandler                        0x08000325   Thumb Code     0  startup_stm32l476xx.o(.text)
    TAMP_STAMP_IRQHandler                    0x08000325   Thumb Code     0  startup_stm32l476xx.o(.text)
    TIM1_BRK_TIM15_IRQHandler                0x08000325   Thumb Code     0  startup_stm32l476xx.o(.text)
    TIM1_CC_IRQHandler                       0x08000325   Thumb Code     0  startup_stm32l476xx.o(.text)
    TIM1_TRG_COM_TIM17_IRQHandler            0x08000325   Thumb Code     0  startup_stm32l476xx.o(.text)
    TIM1_UP_TIM16_IRQHandler                 0x08000325   Thumb Code     0  startup_stm32l476xx.o(.text)
    TIM2_IRQHandler                          0x08000325   Thumb Code     0  startup_stm32l476xx.o(.text)
    TIM3_IRQHandler                          0x08000325   Thumb Code     0  startup_stm32l476xx.o(.text)
    TIM4_IRQHandler                          0x08000325   Thumb Code     0  startup_stm32l476xx.o(.text)
    TIM5_IRQHandler                          0x08000325   Thumb Code     0  startup_stm32l476xx.o(.text)
    TIM6_DAC_IRQHandler                      0x08000325   Thumb Code     0  startup_stm32l476xx.o(.text)
    TIM7_IRQHandler                          0x08000325   Thumb Code     0  startup_stm32l476xx.o(.text)
    TIM8_BRK_IRQHandler                      0x08000325   Thumb Code     0  startup_stm32l476xx.o(.text)
    TIM8_CC_IRQHandler                       0x08000325   Thumb Code     0  startup_stm32l476xx.o(.text)
    TIM8_TRG_COM_IRQHandler                  0x08000325   Thumb Code     0  startup_stm32l476xx.o(.text)
    TIM8_UP_IRQHandler                       0x08000325   Thumb Code     0  startup_stm32l476xx.o(.text)
    TSC_IRQHandler                           0x08000325   Thumb Code     0  startup_stm32l476xx.o(.text)
    UART4_IRQHandler                         0x08000325   Thumb Code     0  startup_stm32l476xx.o(.text)
    UART5_IRQHandler                         0x08000325   Thumb Code     0  startup_stm32l476xx.o(.text)
    USART1_IRQHandler                        0x08000325   Thumb Code     0  startup_stm32l476xx.o(.text)
    USART2_IRQHandler                        0x08000325   Thumb Code     0  startup_stm32l476xx.o(.text)
    USART3_IRQHandler                        0x08000325   Thumb Code     0  startup_stm32l476xx.o(.text)
    WWDG_IRQHandler                          0x08000325   Thumb Code     0  startup_stm32l476xx.o(.text)
    __user_initial_stackheap                 0x08000329   Thumb Code     0  startup_stm32l476xx.o(.text)
    sprintf                                  0x08000361   Thumb Code    38  sprintf.o(.text)
    abs                                      0x0800038d   Thumb Code     8  abs.o(.text)
    __aeabi_memclr                           0x08000395   Thumb Code     0  rt_memclr.o(.text)
    __rt_memclr                              0x08000395   Thumb Code     0  rt_memclr.o(.text)
    _memset                                  0x08000399   Thumb Code    64  rt_memclr.o(.text)
    __use_two_region_memory                  0x080003d9   Thumb Code     2  heapauxi.o(.text)
    __rt_heap_escrow$2region                 0x080003db   Thumb Code     2  heapauxi.o(.text)
    __rt_heap_expand$2region                 0x080003dd   Thumb Code     2  heapauxi.o(.text)
    __read_errno                             0x080003df   Thumb Code    10  _rserrno.o(.text)
    __set_errno                              0x080003e9   Thumb Code    12  _rserrno.o(.text)
    _printf_pre_padding                      0x080003f5   Thumb Code    44  _printf_pad.o(.text)
    _printf_post_padding                     0x08000421   Thumb Code    34  _printf_pad.o(.text)
    _printf_truncate_signed                  0x08000443   Thumb Code    18  _printf_truncate.o(.text)
    _printf_truncate_unsigned                0x08000455   Thumb Code    18  _printf_truncate.o(.text)
    _printf_str                              0x08000467   Thumb Code    82  _printf_str.o(.text)
    _printf_int_dec                          0x080004b9   Thumb Code   104  _printf_dec.o(.text)
    _printf_charcount                        0x08000531   Thumb Code    40  _printf_charcount.o(.text)
    _printf_char_common                      0x08000563   Thumb Code    32  _printf_char_common.o(.text)
    _sputc                                   0x08000589   Thumb Code    10  _sputc.o(.text)
    _printf_wctomb                           0x08000595   Thumb Code   182  _printf_wctomb.o(.text)
    _printf_longlong_dec                     0x08000659   Thumb Code   108  _printf_longlong_dec.o(.text)
    _printf_longlong_oct                     0x080006d5   Thumb Code    68  _printf_oct_int_ll.o(.text)
    _printf_int_oct                          0x08000719   Thumb Code    24  _printf_oct_int_ll.o(.text)
    _printf_ll_oct                           0x08000731   Thumb Code    12  _printf_oct_int_ll.o(.text)
    _printf_longlong_hex                     0x08000745   Thumb Code    86  _printf_hex_int_ll_ptr.o(.text)
    _printf_int_hex                          0x0800079b   Thumb Code    28  _printf_hex_int_ll_ptr.o(.text)
    _printf_ll_hex                           0x080007b7   Thumb Code    12  _printf_hex_int_ll_ptr.o(.text)
    _printf_hex_ptr                          0x080007c3   Thumb Code    18  _printf_hex_int_ll_ptr.o(.text)
    __printf                                 0x080007d9   Thumb Code   388  __printf_flags_ss_wp.o(.text)
    __aeabi_memclr4                          0x08000967   Thumb Code     0  rt_memclr_w.o(.text)
    __aeabi_memclr8                          0x08000967   Thumb Code     0  rt_memclr_w.o(.text)
    __rt_memclr_w                            0x08000967   Thumb Code     0  rt_memclr_w.o(.text)
    _memset_w                                0x0800096b   Thumb Code    74  rt_memclr_w.o(.text)
    __aeabi_errno_addr                       0x080009b5   Thumb Code     8  rt_errno_addr_intlibspace.o(.text)
    __errno$intlibspace                      0x080009b5   Thumb Code     0  rt_errno_addr_intlibspace.o(.text)
    __rt_errno_addr$intlibspace              0x080009b5   Thumb Code     0  rt_errno_addr_intlibspace.o(.text)
    _ll_udiv10                               0x080009bd   Thumb Code   138  lludiv10.o(.text)
    _printf_int_common                       0x08000a47   Thumb Code   178  _printf_intcommon.o(.text)
    _printf_fp_dec_real                      0x08000ca9   Thumb Code   620  _printf_fp_dec.o(.text)
    _printf_fp_hex_real                      0x08000f1d   Thumb Code   756  _printf_fp_hex.o(.text)
    _printf_cs_common                        0x0800121f   Thumb Code    20  _printf_char.o(.text)
    _printf_char                             0x08001233   Thumb Code    16  _printf_char.o(.text)
    _printf_string                           0x08001243   Thumb Code     8  _printf_char.o(.text)
    _printf_lcs_common                       0x0800124b   Thumb Code    20  _printf_wchar.o(.text)
    _printf_wchar                            0x0800125f   Thumb Code    16  _printf_wchar.o(.text)
    _printf_wstring                          0x0800126f   Thumb Code     8  _printf_wchar.o(.text)
    _c16rtomb                                0x08001277   Thumb Code    72  _c16rtomb.o(.text)
    _wcrtomb                                 0x08001277   Thumb Code     0  _c16rtomb.o(.text)
    __user_libspace                          0x080012c1   Thumb Code     8  libspace.o(.text)
    __user_perproc_libspace                  0x080012c1   Thumb Code     0  libspace.o(.text)
    __user_perthread_libspace                0x080012c1   Thumb Code     0  libspace.o(.text)
    __user_setup_stackheap                   0x080012c9   Thumb Code    74  sys_stackheap_outer.o(.text)
    __rt_ctype_table                         0x08001315   Thumb Code    16  rt_ctype_table.o(.text)
    __rt_locale                              0x08001325   Thumb Code     8  rt_locale_intlibspace.o(.text)
    _printf_fp_infnan                        0x0800132d   Thumb Code   112  _printf_fp_infnan.o(.text)
    _btod_etento                             0x080013ad   Thumb Code   224  bigflt0.o(.text)
    exit                                     0x08001491   Thumb Code    18  exit.o(.text)
    strcmp                                   0x080014a9   Thumb Code   124  strcmpv7em.o(.text)
    _sys_exit                                0x08001525   Thumb Code     8  sys_exit.o(.text)
    __I$use$semihosting                      0x08001531   Thumb Code     0  use_no_semi.o(.text)
    __use_no_semihosting_swi                 0x08001531   Thumb Code     2  use_no_semi.o(.text)
    __semihosting_library_function           0x08001533   Thumb Code     0  indicate_semi.o(.text)
    I2C1_ER_IRQHandler                       0x08001535   Thumb Code     2  i2c.o(.text.I2C1_ER_IRQHandler)
    I2C1_EV_IRQHandler                       0x08001539   Thumb Code     2  i2c.o(.text.I2C1_EV_IRQHandler)
    I2C_GPIO_init                            0x0800153d   Thumb Code   122  i2c.o(.text.I2C_GPIO_init)
    I2C_Initialization                       0x080015b9   Thumb Code   448  i2c.o(.text.I2C_Initialization)
    I2C_SendData                             0x08001779   Thumb Code   218  i2c.o(.text.I2C_SendData)
    I2C_Start                                0x08001855   Thumb Code   108  i2c.o(.text.I2C_Start)
    I2C_Stop                                 0x080018c1   Thumb Code    34  i2c.o(.text.I2C_Stop)
    I2C_WaitLineIdle                         0x080018e5   Thumb Code    24  i2c.o(.text.I2C_WaitLineIdle)
    LCD_RTC_Clock_Enable                     0x080018fd   Thumb Code   216  main.o(.text.LCD_RTC_Clock_Enable)
    RTC_Init                                 0x080019d5   Thumb Code   166  main.o(.text.RTC_Init)
    System_Clock_Init                        0x08001a7d   Thumb Code   466  sysclock.o(.text.System_Clock_Init)
    backgroundDraw                           0x08001c51   Thumb Code   150  main.o(.text.backgroundDraw)
    digitalSideCLK                           0x08001ce9   Thumb Code   198  main.o(.text.digitalSideCLK)
    hourHand                                 0x08001db1   Thumb Code   352  main.o(.text.hourHand)
    main                                     0x08001f11   Thumb Code    64  main.o(.text.main)
    minuteHand                               0x08001f51   Thumb Code   352  main.o(.text.minuteHand)
    secondHand                               0x080020b1   Thumb Code   336  main.o(.text.secondHand)
    ssd1306_DrawCircle                       0x08002201   Thumb Code   292  ssd1306.o(.text.ssd1306_DrawCircle)
    ssd1306_DrawPixel                        0x08002325   Thumb Code   168  ssd1306.o(.text.ssd1306_DrawPixel)
    ssd1306_Fill                             0x080023cd   Thumb Code    60  ssd1306.o(.text.ssd1306_Fill)
    ssd1306_Init                             0x08002409   Thumb Code   240  ssd1306.o(.text.ssd1306_Init)
    ssd1306_Line                             0x080024f9   Thumb Code   266  ssd1306.o(.text.ssd1306_Line)
    ssd1306_Reset                            0x08002605   Thumb Code     2  ssd1306.o(.text.ssd1306_Reset)
    ssd1306_SetContrast                      0x08002609   Thumb Code    30  ssd1306.o(.text.ssd1306_SetContrast)
    ssd1306_SetCursor                        0x08002629   Thumb Code    34  ssd1306.o(.text.ssd1306_SetCursor)
    ssd1306_SetDisplayOn                     0x0800264d   Thumb Code    68  ssd1306.o(.text.ssd1306_SetDisplayOn)
    ssd1306_UpdateScreen                     0x08002691   Thumb Code    86  ssd1306.o(.text.ssd1306_UpdateScreen)
    ssd1306_WriteChar                        0x080026e9   Thumb Code   300  ssd1306.o(.text.ssd1306_WriteChar)
    ssd1306_WriteCommand                     0x08002815   Thumb Code    46  ssd1306.o(.text.ssd1306_WriteCommand)
    ssd1306_WriteData                        0x08002845   Thumb Code   106  ssd1306.o(.text.ssd1306_WriteData)
    ssd1306_WriteString                      0x080028b1   Thumb Code    86  ssd1306.o(.text.ssd1306_WriteString)
    _btod_d2e                                0x08002907   Thumb Code    62  btod.o(CL$$btod_d2e)
    _d2e_denorm_low                          0x08002945   Thumb Code    70  btod.o(CL$$btod_d2e_denorm_low)
    _d2e_norm_op1                            0x0800298b   Thumb Code    96  btod.o(CL$$btod_d2e_norm_op1)
    __btod_div_common                        0x080029ed   Thumb Code   696  btod.o(CL$$btod_div_common)
    _e2e                                     0x08002d25   Thumb Code   220  btod.o(CL$$btod_e2e)
    _btod_ediv                               0x08002e01   Thumb Code    42  btod.o(CL$$btod_ediv)
    _btod_emul                               0x08002e2b   Thumb Code    42  btod.o(CL$$btod_emul)
    __btod_mult_common                       0x08002e55   Thumb Code   580  btod.o(CL$$btod_mult_common)
    __ARM_fpclassify                         0x08003099   Thumb Code    48  fpclassify.o(i.__ARM_fpclassify)
    __hardfp_cos                             0x080030c9   Thumb Code   180  cos.o(i.__hardfp_cos)
    __hardfp_sin                             0x08003191   Thumb Code   180  sin.o(i.__hardfp_sin)
    __ieee754_rem_pio2                       0x08003259   Thumb Code   938  rred.o(i.__ieee754_rem_pio2)
    __kernel_cos                             0x08003699   Thumb Code   322  cos_i.o(i.__kernel_cos)
    __kernel_poly                            0x08003809   Thumb Code   248  poly.o(i.__kernel_poly)
    __kernel_sin                             0x08003901   Thumb Code   280  sin_i.o(i.__kernel_sin)
    __mathlib_dbl_infnan                     0x08003a49   Thumb Code    20  dunder.o(i.__mathlib_dbl_infnan)
    __mathlib_dbl_invalid                    0x08003a61   Thumb Code    24  dunder.o(i.__mathlib_dbl_invalid)
    __mathlib_dbl_underflow                  0x08003a81   Thumb Code    24  dunder.o(i.__mathlib_dbl_underflow)
    _is_digit                                0x08003aa1   Thumb Code    14  __printf_wp.o(i._is_digit)
    fabs                                     0x08003aaf   Thumb Code    24  fabs.o(i.fabs)
    _get_lc_numeric                          0x08003ac9   Thumb Code    44  lc_numeric_c.o(locale$$code)
    _get_lc_ctype                            0x08003af5   Thumb Code    44  lc_ctype_c.o(locale$$code)
    __aeabi_dneg                             0x08003b21   Thumb Code     0  basic.o(x$fpl$basic)
    _dneg                                    0x08003b21   Thumb Code     6  basic.o(x$fpl$basic)
    __aeabi_fneg                             0x08003b27   Thumb Code     0  basic.o(x$fpl$basic)
    _fneg                                    0x08003b27   Thumb Code     6  basic.o(x$fpl$basic)
    _dabs                                    0x08003b2d   Thumb Code     6  basic.o(x$fpl$basic)
    _fabs                                    0x08003b33   Thumb Code     6  basic.o(x$fpl$basic)
    __aeabi_dadd                             0x08003b39   Thumb Code     0  daddsub_clz.o(x$fpl$dadd)
    _dadd                                    0x08003b39   Thumb Code   332  daddsub_clz.o(x$fpl$dadd)
    __aeabi_ddiv                             0x08003c89   Thumb Code     0  ddiv.o(x$fpl$ddiv)
    _ddiv                                    0x08003c89   Thumb Code   556  ddiv.o(x$fpl$ddiv)
    __aeabi_d2iz                             0x08003f3d   Thumb Code     0  dfix.o(x$fpl$dfix)
    _dfix                                    0x08003f3d   Thumb Code    94  dfix.o(x$fpl$dfix)
    __aeabi_i2d                              0x08003f9b   Thumb Code     0  dflt_clz.o(x$fpl$dflt)
    _dflt                                    0x08003f9b   Thumb Code    46  dflt_clz.o(x$fpl$dflt)
    __aeabi_ui2d                             0x08003fc9   Thumb Code     0  dflt_clz.o(x$fpl$dfltu)
    _dfltu                                   0x08003fc9   Thumb Code    38  dflt_clz.o(x$fpl$dfltu)
    __aeabi_dmul                             0x08003ff1   Thumb Code     0  dmul.o(x$fpl$dmul)
    _dmul                                    0x08003ff1   Thumb Code   332  dmul.o(x$fpl$dmul)
    __fpl_dnaninf                            0x08004145   Thumb Code   156  dnaninf.o(x$fpl$dnaninf)
    __fpl_dretinf                            0x080041e1   Thumb Code    12  dretinf.o(x$fpl$dretinf)
    __aeabi_drsub                            0x080041ed   Thumb Code     0  daddsub_clz.o(x$fpl$drsb)
    _drsb                                    0x080041ed   Thumb Code    22  daddsub_clz.o(x$fpl$drsb)
    __aeabi_dsub                             0x08004205   Thumb Code     0  daddsub_clz.o(x$fpl$dsub)
    _dsub                                    0x08004205   Thumb Code   472  daddsub_clz.o(x$fpl$dsub)
    _fp_init                                 0x080043e1   Thumb Code    26  fpinit.o(x$fpl$fpinit)
    __fplib_config_fpu_vfp                   0x080043f9   Thumb Code     0  fpinit.o(x$fpl$fpinit)
    __fplib_config_pureend_doubles           0x080043f9   Thumb Code     0  fpinit.o(x$fpl$fpinit)
    _printf_fp_dec                           0x080043fb   Thumb Code     4  printf1.o(x$fpl$printf1)
    _printf_fp_hex                           0x080043ff   Thumb Code     4  printf2.o(x$fpl$printf2)
    __I$use$fp                               0x08004402   Number         0  usenofp.o(x$fpl$usenofp)
    Region$$Table$$Base                      0x08005988   Number         0  anon$$obj.o(Region$$Table)
    Region$$Table$$Limit                     0x080059a8   Number         0  anon$$obj.o(Region$$Table)
    __ctype                                  0x080059d1   Data           0  lc_ctype_c.o(locale$$data)
    Image$$ER_IROM1$$RO$$Limit               0x08005ad4   Number         0  anon$$obj.o ABSOLUTE
    Image$$ER_IROM1$$RW$$Base                0x08005ad4   Number         0  anon$$obj.o ABSOLUTE
    Image$$ER_IROM1$$RW$$Limit               0x08005ad4   Number         0  anon$$obj.o ABSOLUTE
    Image$$ER_IROM1$$ZI$$Base                0x08005ad4   Number         0  anon$$obj.o ABSOLUTE
    Image$$ER_IROM1$$ZI$$Limit               0x08005ad4   Number         0  anon$$obj.o ABSOLUTE
    Load$$RW_IRAM1$$Base                     0x08005ad8   Number         0  anon$$obj.o ABSOLUTE
    Font_11x18                               0x20000000   Data           8  ssd1306_fonts.o(.data.Font_11x18)
    Image$$RW_IRAM1$$Base                    0x20000000   Number         0  anon$$obj.o ABSOLUTE
    Image$$RW_IRAM1$$RO$$Base                0x20000000   Number         0  anon$$obj.o ABSOLUTE
    Image$$RW_IRAM1$$RW$$Base                0x20000000   Number         0  anon$$obj.o ABSOLUTE
    Font_6x8                                 0x20000008   Data           8  ssd1306_fonts.o(.data.Font_6x8)
    Image$$RW_IRAM1$$Limit                   0x20000010   Number         0  anon$$obj.o ABSOLUTE
    Image$$RW_IRAM1$$RW$$Limit               0x20000010   Number         0  anon$$obj.o ABSOLUTE
    Image$$RW_IRAM1$$ZI$$Base                0x20000010   Number         0  anon$$obj.o ABSOLUTE
    __libspace_start                         0x20000010   Data          96  libspace.o(.bss)
    __temporary_stack_top$libspace           0x20000070   Data           0  libspace.o(.bss)
    hours                                    0x20000478   Data           4  main.o(.bss.hours)
    hoursOnes                                0x2000047c   Data           4  main.o(.bss.hoursOnes)
    hoursTens                                0x20000480   Data           4  main.o(.bss.hoursTens)
    minutes                                  0x20000484   Data           4  main.o(.bss.minutes)
    minutesOnes                              0x20000488   Data           4  main.o(.bss.minutesOnes)
    minutesTens                              0x2000048c   Data           4  main.o(.bss.minutesTens)
    seconds                                  0x20000490   Data           4  main.o(.bss.seconds)
    secondsOnes                              0x20000494   Data           4  main.o(.bss.secondsOnes)
    secondsTens                              0x20000498   Data           4  main.o(.bss.secondsTens)
    Image$$RW_IRAM1$$ZI$$Limit               0x20000aa0   Number         0  anon$$obj.o ABSOLUTE



==============================================================================

Memory Map of the image

  Image Entry point : 0x08000189

  Load Region LR_IROM1 (Base: 0x08000000, Size: 0x00005ae8, Max: 0x00100000, ABSOLUTE)

    Execution Region ER_IROM1 (Exec base: 0x08000000, Load base: 0x08000000, Size: 0x00005ad4, Max: 0x00100000, ABSOLUTE)

    Exec Addr    Load Addr    Size         Type   Attr      Idx    E Section Name        Object

    0x08000000   0x08000000   0x00000188   Data   RO           39    RESET               startup_stm32l476xx.o
    0x08000188   0x08000188   0x00000008   Code   RO          188  * !!!main             c_w.l(__main.o)
    0x08000190   0x08000190   0x00000034   Code   RO          613    !!!scatter          c_w.l(__scatter.o)
    0x080001c4   0x080001c4   0x0000001a   Code   RO          615    !!handler_copy      c_w.l(__scatter_copy.o)
    0x080001de   0x080001de   0x00000002   PAD
    0x080001e0   0x080001e0   0x0000001c   Code   RO          617    !!handler_zi        c_w.l(__scatter_zi.o)
    0x080001fc   0x080001fc   0x00000000   Code   RO          306    .ARM.Collect$$_printf_percent$$00000000  c_w.l(_printf_percent.o)
    0x080001fc   0x080001fc   0x00000006   Code   RO          295    .ARM.Collect$$_printf_percent$$00000001  c_w.l(_printf_n.o)
    0x08000202   0x08000202   0x00000006   Code   RO          297    .ARM.Collect$$_printf_percent$$00000002  c_w.l(_printf_p.o)
    0x08000208   0x08000208   0x00000006   Code   RO          302    .ARM.Collect$$_printf_percent$$00000003  c_w.l(_printf_f.o)
    0x0800020e   0x0800020e   0x00000006   Code   RO          303    .ARM.Collect$$_printf_percent$$00000004  c_w.l(_printf_e.o)
    0x08000214   0x08000214   0x00000006   Code   RO          304    .ARM.Collect$$_printf_percent$$00000005  c_w.l(_printf_g.o)
    0x0800021a   0x0800021a   0x00000006   Code   RO          305    .ARM.Collect$$_printf_percent$$00000006  c_w.l(_printf_a.o)
    0x08000220   0x08000220   0x0000000a   Code   RO          310    .ARM.Collect$$_printf_percent$$00000007  c_w.l(_printf_ll.o)
    0x0800022a   0x0800022a   0x00000006   Code   RO          299    .ARM.Collect$$_printf_percent$$00000008  c_w.l(_printf_i.o)
    0x08000230   0x08000230   0x00000006   Code   RO          300    .ARM.Collect$$_printf_percent$$00000009  c_w.l(_printf_d.o)
    0x08000236   0x08000236   0x00000006   Code   RO          301    .ARM.Collect$$_printf_percent$$0000000A  c_w.l(_printf_u.o)
    0x0800023c   0x0800023c   0x00000006   Code   RO          298    .ARM.Collect$$_printf_percent$$0000000B  c_w.l(_printf_o.o)
    0x08000242   0x08000242   0x00000006   Code   RO          296    .ARM.Collect$$_printf_percent$$0000000C  c_w.l(_printf_x.o)
    0x08000248   0x08000248   0x00000006   Code   RO          307    .ARM.Collect$$_printf_percent$$0000000D  c_w.l(_printf_lli.o)
    0x0800024e   0x0800024e   0x00000006   Code   RO          308    .ARM.Collect$$_printf_percent$$0000000E  c_w.l(_printf_lld.o)
    0x08000254   0x08000254   0x00000006   Code   RO          309    .ARM.Collect$$_printf_percent$$0000000F  c_w.l(_printf_llu.o)
    0x0800025a   0x0800025a   0x00000006   Code   RO          314    .ARM.Collect$$_printf_percent$$00000010  c_w.l(_printf_llo.o)
    0x08000260   0x08000260   0x00000006   Code   RO          315    .ARM.Collect$$_printf_percent$$00000011  c_w.l(_printf_llx.o)
    0x08000266   0x08000266   0x0000000a   Code   RO          311    .ARM.Collect$$_printf_percent$$00000012  c_w.l(_printf_l.o)
    0x08000270   0x08000270   0x00000006   Code   RO          293    .ARM.Collect$$_printf_percent$$00000013  c_w.l(_printf_c.o)
    0x08000276   0x08000276   0x00000006   Code   RO          294    .ARM.Collect$$_printf_percent$$00000014  c_w.l(_printf_s.o)
    0x0800027c   0x0800027c   0x00000006   Code   RO          312    .ARM.Collect$$_printf_percent$$00000015  c_w.l(_printf_lc.o)
    0x08000282   0x08000282   0x00000006   Code   RO          313    .ARM.Collect$$_printf_percent$$00000016  c_w.l(_printf_ls.o)
    0x08000288   0x08000288   0x00000004   Code   RO          399    .ARM.Collect$$_printf_percent$$00000017  c_w.l(_printf_percent_end.o)
    0x0800028c   0x0800028c   0x00000002   Code   RO          467    .ARM.Collect$$libinit$$00000000  c_w.l(libinit.o)
    0x0800028e   0x0800028e   0x00000004   Code   RO          479    .ARM.Collect$$libinit$$00000001  c_w.l(libinit2.o)
    0x08000292   0x08000292   0x00000000   Code   RO          482    .ARM.Collect$$libinit$$00000004  c_w.l(libinit2.o)
    0x08000292   0x08000292   0x00000000   Code   RO          484    .ARM.Collect$$libinit$$00000006  c_w.l(libinit2.o)
    0x08000292   0x08000292   0x00000000   Code   RO          487    .ARM.Collect$$libinit$$0000000C  c_w.l(libinit2.o)
    0x08000292   0x08000292   0x00000000   Code   RO          489    .ARM.Collect$$libinit$$0000000E  c_w.l(libinit2.o)
    0x08000292   0x08000292   0x00000000   Code   RO          491    .ARM.Collect$$libinit$$00000010  c_w.l(libinit2.o)
    0x08000292   0x08000292   0x00000006   Code   RO          492    .ARM.Collect$$libinit$$00000011  c_w.l(libinit2.o)
    0x08000298   0x08000298   0x00000000   Code   RO          494    .ARM.Collect$$libinit$$00000013  c_w.l(libinit2.o)
    0x08000298   0x08000298   0x0000000c   Code   RO          495    .ARM.Collect$$libinit$$00000014  c_w.l(libinit2.o)
    0x080002a4   0x080002a4   0x00000000   Code   RO          496    .ARM.Collect$$libinit$$00000015  c_w.l(libinit2.o)
    0x080002a4   0x080002a4   0x00000000   Code   RO          498    .ARM.Collect$$libinit$$00000017  c_w.l(libinit2.o)
    0x080002a4   0x080002a4   0x0000000a   Code   RO          499    .ARM.Collect$$libinit$$00000018  c_w.l(libinit2.o)
    0x080002ae   0x080002ae   0x00000000   Code   RO          500    .ARM.Collect$$libinit$$00000019  c_w.l(libinit2.o)
    0x080002ae   0x080002ae   0x00000000   Code   RO          502    .ARM.Collect$$libinit$$0000001B  c_w.l(libinit2.o)
    0x080002ae   0x080002ae   0x00000000   Code   RO          504    .ARM.Collect$$libinit$$0000001D  c_w.l(libinit2.o)
    0x080002ae   0x080002ae   0x00000000   Code   RO          506    .ARM.Collect$$libinit$$0000001F  c_w.l(libinit2.o)
    0x080002ae   0x080002ae   0x00000000   Code   RO          508    .ARM.Collect$$libinit$$00000021  c_w.l(libinit2.o)
    0x080002ae   0x080002ae   0x00000000   Code   RO          510    .ARM.Collect$$libinit$$00000023  c_w.l(libinit2.o)
    0x080002ae   0x080002ae   0x00000000   Code   RO          512    .ARM.Collect$$libinit$$00000025  c_w.l(libinit2.o)
    0x080002ae   0x080002ae   0x00000000   Code   RO          514    .ARM.Collect$$libinit$$00000027  c_w.l(libinit2.o)
    0x080002ae   0x080002ae   0x00000000   Code   RO          518    .ARM.Collect$$libinit$$0000002E  c_w.l(libinit2.o)
    0x080002ae   0x080002ae   0x00000000   Code   RO          520    .ARM.Collect$$libinit$$00000030  c_w.l(libinit2.o)
    0x080002ae   0x080002ae   0x00000000   Code   RO          522    .ARM.Collect$$libinit$$00000032  c_w.l(libinit2.o)
    0x080002ae   0x080002ae   0x00000000   Code   RO          524    .ARM.Collect$$libinit$$00000034  c_w.l(libinit2.o)
    0x080002ae   0x080002ae   0x00000002   Code   RO          525    .ARM.Collect$$libinit$$00000035  c_w.l(libinit2.o)
    0x080002b0   0x080002b0   0x00000002   Code   RO          549    .ARM.Collect$$libshutdown$$00000000  c_w.l(libshutdown.o)
    0x080002b2   0x080002b2   0x00000000   Code   RO          564    .ARM.Collect$$libshutdown$$00000002  c_w.l(libshutdown2.o)
    0x080002b2   0x080002b2   0x00000000   Code   RO          566    .ARM.Collect$$libshutdown$$00000004  c_w.l(libshutdown2.o)
    0x080002b2   0x080002b2   0x00000000   Code   RO          569    .ARM.Collect$$libshutdown$$00000007  c_w.l(libshutdown2.o)
    0x080002b2   0x080002b2   0x00000000   Code   RO          572    .ARM.Collect$$libshutdown$$0000000A  c_w.l(libshutdown2.o)
    0x080002b2   0x080002b2   0x00000000   Code   RO          574    .ARM.Collect$$libshutdown$$0000000C  c_w.l(libshutdown2.o)
    0x080002b2   0x080002b2   0x00000000   Code   RO          577    .ARM.Collect$$libshutdown$$0000000F  c_w.l(libshutdown2.o)
    0x080002b2   0x080002b2   0x00000002   Code   RO          578    .ARM.Collect$$libshutdown$$00000010  c_w.l(libshutdown2.o)
    0x080002b4   0x080002b4   0x00000000   Code   RO          222    .ARM.Collect$$rtentry$$00000000  c_w.l(__rtentry.o)
    0x080002b4   0x080002b4   0x00000000   Code   RO          363    .ARM.Collect$$rtentry$$00000002  c_w.l(__rtentry2.o)
    0x080002b4   0x080002b4   0x00000006   Code   RO          375    .ARM.Collect$$rtentry$$00000004  c_w.l(__rtentry4.o)
    0x080002ba   0x080002ba   0x00000000   Code   RO          365    .ARM.Collect$$rtentry$$00000009  c_w.l(__rtentry2.o)
    0x080002ba   0x080002ba   0x00000004   Code   RO          366    .ARM.Collect$$rtentry$$0000000A  c_w.l(__rtentry2.o)
    0x080002be   0x080002be   0x00000000   Code   RO          368    .ARM.Collect$$rtentry$$0000000C  c_w.l(__rtentry2.o)
    0x080002be   0x080002be   0x00000008   Code   RO          369    .ARM.Collect$$rtentry$$0000000D  c_w.l(__rtentry2.o)
    0x080002c6   0x080002c6   0x00000002   Code   RO          470    .ARM.Collect$$rtexit$$00000000  c_w.l(rtexit.o)
    0x080002c8   0x080002c8   0x00000000   Code   RO          527    .ARM.Collect$$rtexit$$00000002  c_w.l(rtexit2.o)
    0x080002c8   0x080002c8   0x00000004   Code   RO          528    .ARM.Collect$$rtexit$$00000003  c_w.l(rtexit2.o)
    0x080002cc   0x080002cc   0x00000006   Code   RO          529    .ARM.Collect$$rtexit$$00000004  c_w.l(rtexit2.o)
    0x080002d2   0x080002d2   0x00000002   PAD
    0x080002d4   0x080002d4   0x0000008c   Code   RO           40    .text               startup_stm32l476xx.o
    0x08000360   0x08000360   0x0000002c   Code   RO          178    .text               c_w.l(sprintf.o)
    0x0800038c   0x0800038c   0x00000008   Code   RO          180    .text               c_w.l(abs.o)
    0x08000394   0x08000394   0x00000044   Code   RO          184    .text               c_w.l(rt_memclr.o)
    0x080003d8   0x080003d8   0x00000006   Code   RO          186    .text               c_w.l(heapauxi.o)
    0x080003de   0x080003de   0x00000016   Code   RO          223    .text               c_w.l(_rserrno.o)
    0x080003f4   0x080003f4   0x0000004e   Code   RO          227    .text               c_w.l(_printf_pad.o)
    0x08000442   0x08000442   0x00000024   Code   RO          229    .text               c_w.l(_printf_truncate.o)
    0x08000466   0x08000466   0x00000052   Code   RO          231    .text               c_w.l(_printf_str.o)
    0x080004b8   0x080004b8   0x00000078   Code   RO          233    .text               c_w.l(_printf_dec.o)
    0x08000530   0x08000530   0x00000028   Code   RO          235    .text               c_w.l(_printf_charcount.o)
    0x08000558   0x08000558   0x00000030   Code   RO          237    .text               c_w.l(_printf_char_common.o)
    0x08000588   0x08000588   0x0000000a   Code   RO          239    .text               c_w.l(_sputc.o)
    0x08000592   0x08000592   0x00000002   PAD
    0x08000594   0x08000594   0x000000c2   Code   RO          241    .text               c_w.l(_printf_wctomb.o)
    0x08000656   0x08000656   0x00000002   PAD
    0x08000658   0x08000658   0x0000007c   Code   RO          244    .text               c_w.l(_printf_longlong_dec.o)
    0x080006d4   0x080006d4   0x00000070   Code   RO          250    .text               c_w.l(_printf_oct_int_ll.o)
    0x08000744   0x08000744   0x00000094   Code   RO          270    .text               c_w.l(_printf_hex_int_ll_ptr.o)
    0x080007d8   0x080007d8   0x0000018e   Code   RO          290    .text               c_w.l(__printf_flags_ss_wp.o)
    0x08000966   0x08000966   0x0000004e   Code   RO          318    .text               c_w.l(rt_memclr_w.o)
    0x080009b4   0x080009b4   0x00000008   Code   RO          380    .text               c_w.l(rt_errno_addr_intlibspace.o)
    0x080009bc   0x080009bc   0x0000008a   Code   RO          382    .text               c_w.l(lludiv10.o)
    0x08000a46   0x08000a46   0x000000b2   Code   RO          384    .text               c_w.l(_printf_intcommon.o)
    0x08000af8   0x08000af8   0x00000422   Code   RO          386    .text               c_w.l(_printf_fp_dec.o)
    0x08000f1a   0x08000f1a   0x00000002   PAD
    0x08000f1c   0x08000f1c   0x00000302   Code   RO          390    .text               c_w.l(_printf_fp_hex.o)
    0x0800121e   0x0800121e   0x0000002c   Code   RO          395    .text               c_w.l(_printf_char.o)
    0x0800124a   0x0800124a   0x0000002c   Code   RO          397    .text               c_w.l(_printf_wchar.o)
    0x08001276   0x08001276   0x00000048   Code   RO          400    .text               c_w.l(_c16rtomb.o)
    0x080012be   0x080012be   0x00000002   PAD
    0x080012c0   0x080012c0   0x00000008   Code   RO          416    .text               c_w.l(libspace.o)
    0x080012c8   0x080012c8   0x0000004a   Code   RO          419    .text               c_w.l(sys_stackheap_outer.o)
    0x08001312   0x08001312   0x00000002   PAD
    0x08001314   0x08001314   0x00000010   Code   RO          421    .text               c_w.l(rt_ctype_table.o)
    0x08001324   0x08001324   0x00000008   Code   RO          426    .text               c_w.l(rt_locale_intlibspace.o)
    0x0800132c   0x0800132c   0x00000080   Code   RO          428    .text               c_w.l(_printf_fp_infnan.o)
    0x080013ac   0x080013ac   0x000000e4   Code   RO          430    .text               c_w.l(bigflt0.o)
    0x08001490   0x08001490   0x00000012   Code   RO          460    .text               c_w.l(exit.o)
    0x080014a2   0x080014a2   0x00000006   PAD
    0x080014a8   0x080014a8   0x0000007c   Code   RO          477    .text               c_w.l(strcmpv7em.o)
    0x08001524   0x08001524   0x0000000c   Code   RO          539    .text               c_w.l(sys_exit.o)
    0x08001530   0x08001530   0x00000002   Code   RO          554    .text               c_w.l(use_no_semi.o)
    0x08001532   0x08001532   0x00000000   Code   RO          556    .text               c_w.l(indicate_semi.o)
    0x08001532   0x08001532   0x00000002   PAD
    0x08001534   0x08001534   0x00000002   Code   RO           71    .text.I2C1_ER_IRQHandler  i2c.o
    0x08001536   0x08001536   0x00000002   PAD
    0x08001538   0x08001538   0x00000002   Code   RO           69    .text.I2C1_EV_IRQHandler  i2c.o
    0x0800153a   0x0800153a   0x00000002   PAD
    0x0800153c   0x0800153c   0x0000007a   Code   RO           55    .text.I2C_GPIO_init  i2c.o
    0x080015b6   0x080015b6   0x00000002   PAD
    0x080015b8   0x080015b8   0x000001c0   Code   RO           57    .text.I2C_Initialization  i2c.o
    0x08001778   0x08001778   0x000000da   Code   RO           65    .text.I2C_SendData  i2c.o
    0x08001852   0x08001852   0x00000002   PAD
    0x08001854   0x08001854   0x0000006c   Code   RO           59    .text.I2C_Start     i2c.o
    0x080018c0   0x080018c0   0x00000022   Code   RO           61    .text.I2C_Stop      i2c.o
    0x080018e2   0x080018e2   0x00000002   PAD
    0x080018e4   0x080018e4   0x00000018   Code   RO           63    .text.I2C_WaitLineIdle  i2c.o
    0x080018fc   0x080018fc   0x000000d8   Code   RO            2    .text.LCD_RTC_Clock_Enable  main.o
    0x080019d4   0x080019d4   0x000000a6   Code   RO            4    .text.RTC_Init      main.o
    0x08001a7a   0x08001a7a   0x00000002   PAD
    0x08001a7c   0x08001a7c   0x000001d2   Code   RO           47    .text.System_Clock_Init  sysclock.o
    0x08001c4e   0x08001c4e   0x00000002   PAD
    0x08001c50   0x08001c50   0x00000096   Code   RO            6    .text.backgroundDraw  main.o
    0x08001ce6   0x08001ce6   0x00000002   PAD
    0x08001ce8   0x08001ce8   0x000000c6   Code   RO           14    .text.digitalSideCLK  main.o
    0x08001dae   0x08001dae   0x00000002   PAD
    0x08001db0   0x08001db0   0x00000160   Code   RO           12    .text.hourHand      main.o
    0x08001f10   0x08001f10   0x00000040   Code   RO           16    .text.main          main.o
    0x08001f50   0x08001f50   0x00000160   Code   RO           10    .text.minuteHand    main.o
    0x080020b0   0x080020b0   0x00000150   Code   RO            8    .text.secondHand    main.o
    0x08002200   0x08002200   0x00000124   Code   RO          116    .text.ssd1306_DrawCircle  ssd1306.o
    0x08002324   0x08002324   0x000000a8   Code   RO           98    .text.ssd1306_DrawPixel  ssd1306.o
    0x080023cc   0x080023cc   0x0000003c   Code   RO           94    .text.ssd1306_Fill  ssd1306.o
    0x08002408   0x08002408   0x000000f0   Code   RO           88    .text.ssd1306_Init  ssd1306.o
    0x080024f8   0x080024f8   0x0000010a   Code   RO          106    .text.ssd1306_Line  ssd1306.o
    0x08002602   0x08002602   0x00000002   PAD
    0x08002604   0x08002604   0x00000002   Code   RO           80    .text.ssd1306_Reset  ssd1306.o
    0x08002606   0x08002606   0x00000002   PAD
    0x08002608   0x08002608   0x0000001e   Code   RO           92    .text.ssd1306_SetContrast  ssd1306.o
    0x08002626   0x08002626   0x00000002   PAD
    0x08002628   0x08002628   0x00000022   Code   RO          104    .text.ssd1306_SetCursor  ssd1306.o
    0x0800264a   0x0800264a   0x00000002   PAD
    0x0800264c   0x0800264c   0x00000044   Code   RO           90    .text.ssd1306_SetDisplayOn  ssd1306.o
    0x08002690   0x08002690   0x00000056   Code   RO           96    .text.ssd1306_UpdateScreen  ssd1306.o
    0x080026e6   0x080026e6   0x00000002   PAD
    0x080026e8   0x080026e8   0x0000012c   Code   RO          100    .text.ssd1306_WriteChar  ssd1306.o
    0x08002814   0x08002814   0x0000002e   Code   RO           82    .text.ssd1306_WriteCommand  ssd1306.o
    0x08002842   0x08002842   0x00000002   PAD
    0x08002844   0x08002844   0x0000006a   Code   RO           84    .text.ssd1306_WriteData  ssd1306.o
    0x080028ae   0x080028ae   0x00000002   PAD
    0x080028b0   0x080028b0   0x00000056   Code   RO          102    .text.ssd1306_WriteString  ssd1306.o
    0x08002906   0x08002906   0x0000003e   Code   RO          433    CL$$btod_d2e        c_w.l(btod.o)
    0x08002944   0x08002944   0x00000046   Code   RO          435    CL$$btod_d2e_denorm_low  c_w.l(btod.o)
    0x0800298a   0x0800298a   0x00000060   Code   RO          434    CL$$btod_d2e_norm_op1  c_w.l(btod.o)
    0x080029ea   0x080029ea   0x00000002   PAD
    0x080029ec   0x080029ec   0x00000338   Code   RO          443    CL$$btod_div_common  c_w.l(btod.o)
    0x08002d24   0x08002d24   0x000000dc   Code   RO          440    CL$$btod_e2e        c_w.l(btod.o)
    0x08002e00   0x08002e00   0x0000002a   Code   RO          437    CL$$btod_ediv       c_w.l(btod.o)
    0x08002e2a   0x08002e2a   0x0000002a   Code   RO          436    CL$$btod_emul       c_w.l(btod.o)
    0x08002e54   0x08002e54   0x00000244   Code   RO          442    CL$$btod_mult_common  c_w.l(btod.o)
    0x08003098   0x08003098   0x00000030   Code   RO          412    i.__ARM_fpclassify  m_wm.l(fpclassify.o)
    0x080030c8   0x080030c8   0x000000c8   Code   RO          210    i.__hardfp_cos      m_wm.l(cos.o)
    0x08003190   0x08003190   0x000000c8   Code   RO          216    i.__hardfp_sin      m_wm.l(sin.o)
    0x08003258   0x08003258   0x0000043e   Code   RO          354    i.__ieee754_rem_pio2  m_wm.l(rred.o)
    0x08003696   0x08003696   0x00000002   PAD
    0x08003698   0x08003698   0x00000170   Code   RO          337    i.__kernel_cos      m_wm.l(cos_i.o)
    0x08003808   0x08003808   0x000000f8   Code   RO          414    i.__kernel_poly     m_wm.l(poly.o)
    0x08003900   0x08003900   0x00000148   Code   RO          359    i.__kernel_sin      m_wm.l(sin_i.o)
    0x08003a48   0x08003a48   0x00000014   Code   RO          341    i.__mathlib_dbl_infnan  m_wm.l(dunder.o)
    0x08003a5c   0x08003a5c   0x00000004   PAD
    0x08003a60   0x08003a60   0x00000020   Code   RO          343    i.__mathlib_dbl_invalid  m_wm.l(dunder.o)
    0x08003a80   0x08003a80   0x00000020   Code   RO          346    i.__mathlib_dbl_underflow  m_wm.l(dunder.o)
    0x08003aa0   0x08003aa0   0x0000000e   Code   RO          283    i._is_digit         c_w.l(__printf_wp.o)
    0x08003aae   0x08003aae   0x00000018   Code   RO          408    i.fabs              m_wm.l(fabs.o)
    0x08003ac6   0x08003ac6   0x00000002   PAD
    0x08003ac8   0x08003ac8   0x0000002c   Code   RO          458    locale$$code        c_w.l(lc_numeric_c.o)
    0x08003af4   0x08003af4   0x0000002c   Code   RO          475    locale$$code        c_w.l(lc_ctype_c.o)
    0x08003b20   0x08003b20   0x00000018   Code   RO          320    x$fpl$basic         fz_wm.l(basic.o)
    0x08003b38   0x08003b38   0x00000150   Code   RO          190    x$fpl$dadd          fz_wm.l(daddsub_clz.o)
    0x08003c88   0x08003c88   0x000002b4   Code   RO          403    x$fpl$ddiv          fz_wm.l(ddiv.o)
    0x08003f3c   0x08003f3c   0x0000005e   Code   RO          196    x$fpl$dfix          fz_wm.l(dfix.o)
    0x08003f9a   0x08003f9a   0x0000002e   Code   RO          201    x$fpl$dflt          fz_wm.l(dflt_clz.o)
    0x08003fc8   0x08003fc8   0x00000026   Code   RO          200    x$fpl$dfltu         fz_wm.l(dflt_clz.o)
    0x08003fee   0x08003fee   0x00000002   PAD
    0x08003ff0   0x08003ff0   0x00000154   Code   RO          206    x$fpl$dmul          fz_wm.l(dmul.o)
    0x08004144   0x08004144   0x0000009c   Code   RO          322    x$fpl$dnaninf       fz_wm.l(dnaninf.o)
    0x080041e0   0x080041e0   0x0000000c   Code   RO          324    x$fpl$dretinf       fz_wm.l(dretinf.o)
    0x080041ec   0x080041ec   0x00000016   Code   RO          191    x$fpl$drsb          fz_wm.l(daddsub_clz.o)
    0x08004202   0x08004202   0x00000002   PAD
    0x08004204   0x08004204   0x000001dc   Code   RO          192    x$fpl$dsub          fz_wm.l(daddsub_clz.o)
    0x080043e0   0x080043e0   0x0000001a   Code   RO          537    x$fpl$fpinit        fz_wm.l(fpinit.o)
    0x080043fa   0x080043fa   0x00000004   Code   RO          328    x$fpl$printf1       fz_wm.l(printf1.o)
    0x080043fe   0x080043fe   0x00000004   Code   RO          330    x$fpl$printf2       fz_wm.l(printf2.o)
    0x08004402   0x08004402   0x00000000   Code   RO          336    x$fpl$usenofp       fz_wm.l(usenofp.o)
    0x08004402   0x08004402   0x00000002   PAD
    0x08004404   0x08004404   0x00000008   Data   RO          242    .constdata          c_w.l(_printf_wctomb.o)
    0x0800440c   0x0800440c   0x00000028   Data   RO          271    .constdata          c_w.l(_printf_hex_int_ll_ptr.o)
    0x08004434   0x08004434   0x00000011   Data   RO          291    .constdata          c_w.l(__printf_flags_ss_wp.o)
    0x08004445   0x08004445   0x00000003   PAD
    0x08004448   0x08004448   0x00000030   Data   RO          338    .constdata          m_wm.l(cos_i.o)
    0x08004478   0x08004478   0x000000cc   Data   RO          356    .constdata          m_wm.l(rred.o)
    0x08004544   0x08004544   0x00000004   PAD
    0x08004548   0x08004548   0x00000028   Data   RO          360    .constdata          m_wm.l(sin_i.o)
    0x08004570   0x08004570   0x00000026   Data   RO          391    .constdata          c_w.l(_printf_fp_hex.o)
    0x08004596   0x08004596   0x00000002   PAD
    0x08004598   0x08004598   0x00000094   Data   RO          431    .constdata          c_w.l(bigflt0.o)
    0x0800462c   0x0800462c   0x00000d5c   Data   RO          137    .rodata.Font11x18   ssd1306_fonts.o
    0x08005388   0x08005388   0x000005f0   Data   RO          131    .rodata.Font6x8     ssd1306_fonts.o
    0x08005978   0x08005978   0x0000000e   Data   RO           18    .rodata.str1.1      main.o
    0x08005986   0x08005986   0x00000002   PAD
    0x08005988   0x08005988   0x00000020   Data   RO          612    Region$$Table       anon$$obj.o
    0x080059a8   0x080059a8   0x0000001c   Data   RO          457    locale$$data        c_w.l(lc_numeric_c.o)
    0x080059c4   0x080059c4   0x00000110   Data   RO          474    locale$$data        c_w.l(lc_ctype_c.o)


    Execution Region RW_IRAM1 (Exec base: 0x20000000, Load base: 0x08005ad8, Size: 0x00000aa0, Max: 0x00018000, ABSOLUTE)

    Exec Addr    Load Addr    Size         Type   Attr      Idx    E Section Name        Object

    0x20000000   0x08005ad8   0x00000008   Data   RW          135    .data.Font_11x18    ssd1306_fonts.o
    0x20000008   0x08005ae0   0x00000008   Data   RW          132    .data.Font_6x8      ssd1306_fonts.o
    0x20000010        -       0x00000060   Zero   RW          417    .bss                c_w.l(libspace.o)
    0x20000070        -       0x00000008   Zero   RW          123    .bss.SSD1306        ssd1306.o
    0x20000078        -       0x00000400   Zero   RW          122    .bss.SSD1306_Buffer  ssd1306.o
    0x20000478        -       0x00000004   Zero   RW           27    .bss.hours          main.o
    0x2000047c        -       0x00000004   Zero   RW           25    .bss.hoursOnes      main.o
    0x20000480        -       0x00000004   Zero   RW           26    .bss.hoursTens      main.o
    0x20000484        -       0x00000004   Zero   RW           24    .bss.minutes        main.o
    0x20000488        -       0x00000004   Zero   RW           22    .bss.minutesOnes    main.o
    0x2000048c        -       0x00000004   Zero   RW           23    .bss.minutesTens    main.o
    0x20000490        -       0x00000004   Zero   RW           21    .bss.seconds        main.o
    0x20000494        -       0x00000004   Zero   RW           19    .bss.secondsOnes    main.o
    0x20000498        -       0x00000004   Zero   RW           20    .bss.secondsTens    main.o
    0x2000049c   0x08005ae8   0x00000004   PAD
    0x200004a0        -       0x00000200   Zero   RW           38    HEAP                startup_stm32l476xx.o
    0x200006a0        -       0x00000400   Zero   RW           37    STACK               startup_stm32l476xx.o


==============================================================================

Image component sizes


      Code (inc. data)   RO Data    RW Data    ZI Data      Debug   Object Name

       958          0          0          0          0       3886   i2c.o
      1834        112         14          0         36       5214   main.o
      1784          0          0          0       1032       7022   ssd1306.o
         0          0       4940         16          0        980   ssd1306_fonts.o
       140         48        392          0       1536        932   startup_stm32l476xx.o
       466          0          0          0          0       2148   sysclock.o

    ----------------------------------------------------------------------
      5214        160       5380         16       2608      20182   Object Totals
         0          0         32          0          0          0   (incl. Generated)
        32          0          2          0          4          0   (incl. Padding)

    ----------------------------------------------------------------------

      Code (inc. data)   RO Data    RW Data    ZI Data      Debug   Library Member Name

         8          0          0          0          0         68   __main.o
       398          4         17          0          0         92   __printf_flags_ss_wp.o
        14          0          0          0          0         68   __printf_wp.o
         0          0          0          0          0          0   __rtentry.o
        12          0          0          0          0          0   __rtentry2.o
         6          0          0          0          0          0   __rtentry4.o
        52          8          0          0          0          0   __scatter.o
        26          0          0          0          0          0   __scatter_copy.o
        28          0          0          0          0          0   __scatter_zi.o
        72          0          0          0          0         96   _c16rtomb.o
         6          0          0          0          0          0   _printf_a.o
         6          0          0          0          0          0   _printf_c.o
        44          0          0          0          0        108   _printf_char.o
        48          6          0          0          0         96   _printf_char_common.o
        40          0          0          0          0         68   _printf_charcount.o
         6          0          0          0          0          0   _printf_d.o
       120         16          0          0          0         92   _printf_dec.o
         6          0          0          0          0          0   _printf_e.o
         6          0          0          0          0          0   _printf_f.o
      1058          0          0          0          0        148   _printf_fp_dec.o
       770          8         38          0          0        100   _printf_fp_hex.o
       128         16          0          0          0         84   _printf_fp_infnan.o
         6          0          0          0          0          0   _printf_g.o
       148          4         40          0          0        160   _printf_hex_int_ll_ptr.o
         6          0          0          0          0          0   _printf_i.o
       178          0          0          0          0         88   _printf_intcommon.o
        10          0          0          0          0          0   _printf_l.o
         6          0          0          0          0          0   _printf_lc.o
        10          0          0          0          0          0   _printf_ll.o
         6          0          0          0          0          0   _printf_lld.o
         6          0          0          0          0          0   _printf_lli.o
         6          0          0          0          0          0   _printf_llo.o
         6          0          0          0          0          0   _printf_llu.o
         6          0          0          0          0          0   _printf_llx.o
       124         16          0          0          0         92   _printf_longlong_dec.o
         6          0          0          0          0          0   _printf_ls.o
         6          0          0          0          0          0   _printf_n.o
         6          0          0          0          0          0   _printf_o.o
       112          8          0          0          0        124   _printf_oct_int_ll.o
         6          0          0          0          0          0   _printf_p.o
        78          0          0          0          0        108   _printf_pad.o
         0          0          0          0          0          0   _printf_percent.o
         4          0          0          0          0          0   _printf_percent_end.o
         6          0          0          0          0          0   _printf_s.o
        82          0          0          0          0         80   _printf_str.o
        36          0          0          0          0         84   _printf_truncate.o
         6          0          0          0          0          0   _printf_u.o
        44          0          0          0          0        108   _printf_wchar.o
       194          6          8          0          0         92   _printf_wctomb.o
         6          0          0          0          0          0   _printf_x.o
        22          0          0          0          0        100   _rserrno.o
        10          0          0          0          0         68   _sputc.o
         8          0          0          0          0         68   abs.o
       228          4        148          0          0         96   bigflt0.o
      1936        128          0          0          0        668   btod.o
        18          0          0          0          0         80   exit.o
         6          0          0          0          0        152   heapauxi.o
         0          0          0          0          0          0   indicate_semi.o
        44         10        272          0          0         76   lc_ctype_c.o
        44         10         28          0          0         76   lc_numeric_c.o
         2          0          0          0          0          0   libinit.o
        34          0          0          0          0          0   libinit2.o
         2          0          0          0          0          0   libshutdown.o
         2          0          0          0          0          0   libshutdown2.o
         8          4          0          0         96         68   libspace.o
       138          0          0          0          0         80   lludiv10.o
        16          4          0          0          0         76   rt_ctype_table.o
         8          4          0          0          0         68   rt_errno_addr_intlibspace.o
         8          4          0          0          0         68   rt_locale_intlibspace.o
        68          0          0          0          0         68   rt_memclr.o
        78          0          0          0          0         80   rt_memclr_w.o
         2          0          0          0          0          0   rtexit.o
        10          0          0          0          0          0   rtexit2.o
        44          6          0          0          0         84   sprintf.o
       124          0          0          0          0         88   strcmpv7em.o
        12          4          0          0          0         68   sys_exit.o
        74          0          0          0          0         80   sys_stackheap_outer.o
         2          0          0          0          0         68   use_no_semi.o
        24          0          0          0          0        164   basic.o
       834         16          0          0          0        516   daddsub_clz.o
       692        140          0          0          0        264   ddiv.o
        94          4          0          0          0        140   dfix.o
        84          0          0          0          0        232   dflt_clz.o
       340         12          0          0          0        152   dmul.o
       156          4          0          0          0        140   dnaninf.o
        12          0          0          0          0        116   dretinf.o
        26          0          0          0          0        116   fpinit.o
         4          0          0          0          0        116   printf1.o
         4          0          0          0          0        116   printf2.o
         0          0          0          0          0          0   usenofp.o
       200         20          0          0          0        164   cos.o
       368         46         48          0          0        200   cos_i.o
        84         16          0          0          0        372   dunder.o
        24          0          0          0          0        124   fabs.o
        48          0          0          0          0        124   fpclassify.o
       248          0          0          0          0        152   poly.o
      1086        142        204          0          0        188   rred.o
       200         20          0          0          0        164   sin.o
       328         24         40          0          0        208   sin_i.o

    ----------------------------------------------------------------------
     11806        714        852          0         96       8004   Library Totals
        38          0          9          0          0          0   (incl. Padding)

    ----------------------------------------------------------------------

      Code (inc. data)   RO Data    RW Data    ZI Data      Debug   Library Name

      6912        270        551          0         96       4236   c_w.l
      2270        176          0          0          0       2072   fz_wm.l
      2586        268        292          0          0       1696   m_wm.l

    ----------------------------------------------------------------------
     11806        714        852          0         96       8004   Library Totals

    ----------------------------------------------------------------------

==============================================================================


      Code (inc. data)   RO Data    RW Data    ZI Data      Debug   

     17020        874       6232         16       2704      23538   Grand Totals
     17020        874       6232         16       2704      23538   ELF Image Totals
     17020        874       6232         16          0          0   ROM Totals

==============================================================================

    Total RO  Size (Code + RO Data)                23252 (  22.71kB)
    Total RW  Size (RW Data + ZI Data)              2720 (   2.66kB)
    Total ROM Size (Code + RO Data + RW Data)      23268 (  22.72kB)

==============================================================================

